Component: Arm Compiler for Embedded 6.19 Tool: armlink [5e73cb00]

==============================================================================

Section Cross References

    startup_stm32f407xx.o(STACK) refers (Special) to heapauxi.o(.text) for __use_two_region_memory
    startup_stm32f407xx.o(HEAP) refers (Special) to heapauxi.o(.text) for __use_two_region_memory
    startup_stm32f407xx.o(RESET) refers (Special) to heapauxi.o(.text) for __use_two_region_memory
    startup_stm32f407xx.o(RESET) refers to startup_stm32f407xx.o(STACK) for __initial_sp
    startup_stm32f407xx.o(RESET) refers to startup_stm32f407xx.o(.text) for Reset_Handler
    startup_stm32f407xx.o(RESET) refers to stm32f4xx_it.o(.text.NMI_Handler) for NMI_Handler
    startup_stm32f407xx.o(RESET) refers to stm32f4xx_it.o(.text.HardFault_Handler) for HardFault_Handler
    startup_stm32f407xx.o(RESET) refers to stm32f4xx_it.o(.text.MemManage_Handler) for MemManage_Handler
    startup_stm32f407xx.o(RESET) refers to stm32f4xx_it.o(.text.BusFault_Handler) for BusFault_Handler
    startup_stm32f407xx.o(RESET) refers to stm32f4xx_it.o(.text.UsageFault_Handler) for UsageFault_Handler
    startup_stm32f407xx.o(RESET) refers to stm32f4xx_it.o(.text.SVC_Handler) for SVC_Handler
    startup_stm32f407xx.o(RESET) refers to stm32f4xx_it.o(.text.DebugMon_Handler) for DebugMon_Handler
    startup_stm32f407xx.o(RESET) refers to stm32f4xx_it.o(.text.PendSV_Handler) for PendSV_Handler
    startup_stm32f407xx.o(RESET) refers to stm32f4xx_it.o(.text.SysTick_Handler) for SysTick_Handler
    startup_stm32f407xx.o(RESET) refers to stm32f4xx_it.o(.text.DMA1_Stream1_IRQHandler) for DMA1_Stream1_IRQHandler
    startup_stm32f407xx.o(RESET) refers to stm32f4xx_it.o(.text.CAN1_TX_IRQHandler) for CAN1_TX_IRQHandler
    startup_stm32f407xx.o(RESET) refers to stm32f4xx_it.o(.text.CAN1_RX0_IRQHandler) for CAN1_RX0_IRQHandler
    startup_stm32f407xx.o(RESET) refers to stm32f4xx_it.o(.text.CAN1_RX1_IRQHandler) for CAN1_RX1_IRQHandler
    startup_stm32f407xx.o(RESET) refers to stm32f4xx_it.o(.text.CAN1_SCE_IRQHandler) for CAN1_SCE_IRQHandler
    startup_stm32f407xx.o(RESET) refers to stm32f4xx_it.o(.text.TIM1_BRK_TIM9_IRQHandler) for TIM1_BRK_TIM9_IRQHandler
    startup_stm32f407xx.o(RESET) refers to stm32f4xx_it.o(.text.TIM1_UP_TIM10_IRQHandler) for TIM1_UP_TIM10_IRQHandler
    startup_stm32f407xx.o(RESET) refers to stm32f4xx_it.o(.text.TIM1_TRG_COM_TIM11_IRQHandler) for TIM1_TRG_COM_TIM11_IRQHandler
    startup_stm32f407xx.o(RESET) refers to stm32f4xx_it.o(.text.TIM1_CC_IRQHandler) for TIM1_CC_IRQHandler
    startup_stm32f407xx.o(RESET) refers to stm32f4xx_it.o(.text.SPI1_IRQHandler) for SPI1_IRQHandler
    startup_stm32f407xx.o(RESET) refers to stm32f4xx_it.o(.text.USART1_IRQHandler) for USART1_IRQHandler
    startup_stm32f407xx.o(RESET) refers to stm32f4xx_it.o(.text.DMA2_Stream7_IRQHandler) for DMA2_Stream7_IRQHandler
    startup_stm32f407xx.o(.text) refers (Special) to heapauxi.o(.text) for __use_two_region_memory
    startup_stm32f407xx.o(.text) refers to system_stm32f4xx.o(.text.SystemInit) for SystemInit
    startup_stm32f407xx.o(.text) refers to __main.o(!!!main) for __main
    startup_stm32f407xx.o(.text) refers to startup_stm32f407xx.o(HEAP) for Heap_Mem
    startup_stm32f407xx.o(.text) refers to startup_stm32f407xx.o(STACK) for Stack_Mem
    gpio.o(.text.MX_GPIO_Init) refers to stm32f4xx_hal_gpio.o(.text.HAL_GPIO_WritePin) for HAL_GPIO_WritePin
    gpio.o(.text.MX_GPIO_Init) refers to stm32f4xx_hal_gpio.o(.text.HAL_GPIO_Init) for HAL_GPIO_Init
    gpio.o(.ARM.exidx.text.MX_GPIO_Init) refers to gpio.o(.text.MX_GPIO_Init) for [Anonymous Symbol]
    can.o(.text.MX_CAN1_Init) refers to can.o(.bss.hcan1) for hcan1
    can.o(.text.MX_CAN1_Init) refers to stm32f4xx_hal_can.o(.text.HAL_CAN_Init) for HAL_CAN_Init
    can.o(.text.MX_CAN1_Init) refers to main.o(.text.Error_Handler) for Error_Handler
    can.o(.ARM.exidx.text.MX_CAN1_Init) refers to can.o(.text.MX_CAN1_Init) for [Anonymous Symbol]
    can.o(.text.HAL_CAN_MspInit) refers to stm32f4xx_hal_gpio.o(.text.HAL_GPIO_Init) for HAL_GPIO_Init
    can.o(.text.HAL_CAN_MspInit) refers to stm32f4xx_hal_cortex.o(.text.HAL_NVIC_SetPriority) for HAL_NVIC_SetPriority
    can.o(.text.HAL_CAN_MspInit) refers to stm32f4xx_hal_cortex.o(.text.HAL_NVIC_EnableIRQ) for HAL_NVIC_EnableIRQ
    can.o(.ARM.exidx.text.HAL_CAN_MspInit) refers to can.o(.text.HAL_CAN_MspInit) for [Anonymous Symbol]
    can.o(.text.HAL_CAN_MspDeInit) refers to stm32f4xx_hal_gpio.o(.text.HAL_GPIO_DeInit) for HAL_GPIO_DeInit
    can.o(.text.HAL_CAN_MspDeInit) refers to stm32f4xx_hal_cortex.o(.text.HAL_NVIC_DisableIRQ) for HAL_NVIC_DisableIRQ
    can.o(.ARM.exidx.text.HAL_CAN_MspDeInit) refers to can.o(.text.HAL_CAN_MspDeInit) for [Anonymous Symbol]
    dma.o(.text.MX_DMA_Init) refers to stm32f4xx_hal_cortex.o(.text.HAL_NVIC_SetPriority) for HAL_NVIC_SetPriority
[...]
    __rt_lib_shutdown_cpp_1                  0x0800020b   Thumb Code     0  libshutdown2.o(.ARM.Collect$$libshutdown$$00000002)
    __rt_lib_shutdown_fp_trap_1              0x0800020b   Thumb Code     0  libshutdown2.o(.ARM.Collect$$libshutdown$$00000007)
    __rt_lib_shutdown_heap_1                 0x0800020b   Thumb Code     0  libshutdown2.o(.ARM.Collect$$libshutdown$$0000000F)
    __rt_lib_shutdown_return                 0x0800020b   Thumb Code     0  libshutdown2.o(.ARM.Collect$$libshutdown$$00000010)
    __rt_lib_shutdown_signal_1               0x0800020b   Thumb Code     0  libshutdown2.o(.ARM.Collect$$libshutdown$$0000000A)
    __rt_lib_shutdown_stdio_1                0x0800020b   Thumb Code     0  libshutdown2.o(.ARM.Collect$$libshutdown$$00000004)
    __rt_lib_shutdown_user_alloc_1           0x0800020b   Thumb Code     0  libshutdown2.o(.ARM.Collect$$libshutdown$$0000000C)
    __rt_entry                               0x0800020d   Thumb Code     0  __rtentry.o(.ARM.Collect$$rtentry$$00000000)
    __rt_entry_presh_1                       0x0800020d   Thumb Code     0  __rtentry2.o(.ARM.Collect$$rtentry$$00000002)
    __rt_entry_sh                            0x0800020d   Thumb Code     0  __rtentry4.o(.ARM.Collect$$rtentry$$00000004)
    __rt_entry_li                            0x08000213   Thumb Code     0  __rtentry2.o(.ARM.Collect$$rtentry$$0000000A)
    __rt_entry_postsh_1                      0x08000213   Thumb Code     0  __rtentry2.o(.ARM.Collect$$rtentry$$00000009)
    __rt_entry_main                          0x08000217   Thumb Code     0  __rtentry2.o(.ARM.Collect$$rtentry$$0000000D)
    __rt_entry_postli_1                      0x08000217   Thumb Code     0  __rtentry2.o(.ARM.Collect$$rtentry$$0000000C)
    __rt_exit                                0x0800021f   Thumb Code     0  rtexit.o(.ARM.Collect$$rtexit$$00000000)
    __rt_exit_ls                             0x08000221   Thumb Code     0  rtexit2.o(.ARM.Collect$$rtexit$$00000003)
    __rt_exit_prels_1                        0x08000221   Thumb Code     0  rtexit2.o(.ARM.Collect$$rtexit$$00000002)
    __rt_exit_exit                           0x08000225   Thumb Code     0  rtexit2.o(.ARM.Collect$$rtexit$$00000004)
    Reset_Handler                            0x0800022d   Thumb Code     8  startup_stm32f407xx.o(.text)
    ADC_IRQHandler                           0x08000247   Thumb Code     0  startup_stm32f407xx.o(.text)
    CAN2_RX0_IRQHandler                      0x08000247   Thumb Code     0  startup_stm32f407xx.o(.text)
    CAN2_RX1_IRQHandler                      0x08000247   Thumb Code     0  startup_stm32f407xx.o(.text)
    CAN2_SCE_IRQHandler                      0x08000247   Thumb Code     0  startup_stm32f407xx.o(.text)
    CAN2_TX_IRQHandler                       0x08000247   Thumb Code     0  startup_stm32f407xx.o(.text)
    DCMI_IRQHandler                          0x08000247   Thumb Code     0  startup_stm32f407xx.o(.text)
    DMA1_Stream0_IRQHandler                  0x08000247   Thumb Code     0  startup_stm32f407xx.o(.text)
    DMA1_Stream2_IRQHandler                  0x08000247   Thumb Code     0  startup_stm32f407xx.o(.text)
    DMA1_Stream3_IRQHandler                  0x08000247   Thumb Code     0  startup_stm32f407xx.o(.text)
    DMA1_Stream4_IRQHandler                  0x08000247   Thumb Code     0  startup_stm32f407xx.o(.text)
    DMA1_Stream5_IRQHandler                  0x08000247   Thumb Code     0  startup_stm32f407xx.o(.text)
    DMA1_Stream6_IRQHandler                  0x08000247   Thumb Code     0  startup_stm32f407xx.o(.text)
    DMA1_Stream7_IRQHandler                  0x08000247   Thumb Code     0  startup_stm32f407xx.o(.text)
    DMA2_Stream0_IRQHandler                  0x08000247   Thumb Code     0  startup_stm32f407xx.o(.text)
    DMA2_Stream1_IRQHandler                  0x08000247   Thumb Code     0  startup_stm32f407xx.o(.text)
    DMA2_Stream2_IRQHandler                  0x08000247   Thumb Code     0  startup_stm32f407xx.o(.text)
    DMA2_Stream3_IRQHandler                  0x08000247   Thumb Code     0  startup_stm32f407xx.o(.text)
    DMA2_Stream4_IRQHandler                  0x08000247   Thumb Code     0  startup_stm32f407xx.o(.text)
    DMA2_Stream5_IRQHandler                  0x08000247   Thumb Code     0  startup_stm32f407xx.o(.text)
    DMA2_Stream6_IRQHandler                  0x08000247   Thumb Code     0  startup_stm32f407xx.o(.text)
    ETH_IRQHandler                           0x08000247   Thumb Code     0  startup_stm32f407xx.o(.text)
    ETH_WKUP_IRQHandler                      0x08000247   Thumb Code     0  startup_stm32f407xx.o(.text)
    EXTI0_IRQHandler                         0x08000247   Thumb Code     0  startup_stm32f407xx.o(.text)
    EXTI15_10_IRQHandler                     0x08000247   Thumb Code     0  startup_stm32f407xx.o(.text)
    EXTI1_IRQHandler                         0x08000247   Thumb Code     0  startup_stm32f407xx.o(.text)
    EXTI2_IRQHandler                         0x08000247   Thumb Code     0  startup_stm32f407xx.o(.text)
    EXTI3_IRQHandler                         0x08000247   Thumb Code     0  startup_stm32f407xx.o(.text)
    EXTI4_IRQHandler                         0x08000247   Thumb Code     0  startup_stm32f407xx.o(.text)
    EXTI9_5_IRQHandler                       0x08000247   Thumb Code     0  startup_stm32f407xx.o(.text)
    FLASH_IRQHandler                         0x08000247   Thumb Code     0  startup_stm32f407xx.o(.text)
    FMC_IRQHandler                           0x08000247   Thumb Code     0  startup_stm32f407xx.o(.text)
    FPU_IRQHandler                           0x08000247   Thumb Code     0  startup_stm32f407xx.o(.text)
    HASH_RNG_IRQHandler                      0x08000247   Thumb Code     0  startup_stm32f407xx.o(.text)
    I2C1_ER_IRQHandler                       0x08000247   Thumb Code     0  startup_stm32f407xx.o(.text)
    I2C1_EV_IRQHandler                       0x08000247   Thumb Code     0  startup_stm32f407xx.o(.text)
    I2C2_ER_IRQHandler                       0x08000247   Thumb Code     0  startup_stm32f407xx.o(.text)
    I2C2_EV_IRQHandler                       0x08000247   Thumb Code     0  startup_stm32f407xx.o(.text)
    I2C3_ER_IRQHandler                       0x08000247   Thumb Code     0  startup_stm32f407xx.o(.text)
    I2C3_EV_IRQHandler                       0x08000247   Thumb Code     0  startup_stm32f407xx.o(.text)
    OTG_FS_IRQHandler                        0x08000247   Thumb Code     0  startup_stm32f407xx.o(.text)
    OTG_FS_WKUP_IRQHandler                   0x08000247   Thumb Code     0  startup_stm32f407xx.o(.text)
    OTG_HS_EP1_IN_IRQHandler                 0x08000247   Thumb Code     0  startup_stm32f407xx.o(.text)
    OTG_HS_EP1_OUT_IRQHandler                0x08000247   Thumb Code     0  startup_stm32f407xx.o(.text)
    OTG_HS_IRQHandler                        0x08000247   Thumb Code     0  startup_stm32f407xx.o(.text)
    OTG_HS_WKUP_IRQHandler                   0x08000247   Thumb Code     0  startup_stm32f407xx.o(.text)
    PVD_IRQHandler                           0x08000247   Thumb Code     0  startup_stm32f407xx.o(.text)
    RCC_IRQHandler                           0x08000247   Thumb Code     0  startup_stm32f407xx.o(.text)
    RTC_Alarm_IRQHandler                     0x08000247   Thumb Code     0  startup_stm32f407xx.o(.text)
    RTC_WKUP_IRQHandler                      0x08000247   Thumb Code     0  startup_stm32f407xx.o(.text)
    SDIO_IRQHandler                          0x08000247   Thumb Code     0  startup_stm32f407xx.o(.text)
    SPI2_IRQHandler                          0x08000247   Thumb Code     0  startup_stm32f407xx.o(.text)
    SPI3_IRQHandler                          0x08000247   Thumb Code     0  startup_stm32f407xx.o(.text)
    TAMP_STAMP_IRQHandler                    0x08000247   Thumb Code     0  startup_stm32f407xx.o(.text)
    TIM2_IRQHandler                          0x08000247   Thumb Code     0  startup_stm32f407xx.o(.text)
    TIM3_IRQHandler                          0x08000247   Thumb Code     0  startup_stm32f407xx.o(.text)
    TIM4_IRQHandler                          0x08000247   Thumb Code     0  startup_stm32f407xx.o(.text)
    TIM5_IRQHandler                          0x08000247   Thumb Code     0  startup_stm32f407xx.o(.text)
    TIM6_DAC_IRQHandler                      0x08000247   Thumb Code     0  startup_stm32f407xx.o(.text)
    TIM7_IRQHandler                          0x08000247   Thumb Code     0  startup_stm32f407xx.o(.text)
    TIM8_BRK_TIM12_IRQHandler                0x08000247   Thumb Code     0  startup_stm32f407xx.o(.text)
    TIM8_CC_IRQHandler                       0x08000247   Thumb Code     0  startup_stm32f407xx.o(.text)
    TIM8_TRG_COM_TIM14_IRQHandler            0x08000247   Thumb Code     0  startup_stm32f407xx.o(.text)
    TIM8_UP_TIM13_IRQHandler                 0x08000247   Thumb Code     0  startup_stm32f407xx.o(.text)
    UART4_IRQHandler                         0x08000247   Thumb Code     0  startup_stm32f407xx.o(.text)
    UART5_IRQHandler                         0x08000247   Thumb Code     0  startup_stm32f407xx.o(.text)
    USART2_IRQHandler                        0x08000247   Thumb Code     0  startup_stm32f407xx.o(.text)
    USART3_IRQHandler                        0x08000247   Thumb Code     0  startup_stm32f407xx.o(.text)
    USART6_IRQHandler                        0x08000247   Thumb Code     0  startup_stm32f407xx.o(.text)
    WWDG_IRQHandler                          0x08000247   Thumb Code     0  startup_stm32f407xx.o(.text)
    __user_initial_stackheap                 0x08000249   Thumb Code     0  startup_stm32f407xx.o(.text)
    __aeabi_uldivmod                         0x0800026d   Thumb Code     0  lludivv7m.o(.text)
    _ll_udiv                                 0x0800026d   Thumb Code   240  lludivv7m.o(.text)
    __aeabi_memcpy                           0x0800035d   Thumb Code     0  rt_memcpy_v6.o(.text)
    __rt_memcpy                              0x0800035d   Thumb Code   138  rt_memcpy_v6.o(.text)
    _memcpy_lastbytes                        0x080003c3   Thumb Code     0  rt_memcpy_v6.o(.text)
    __aeabi_memclr4                          0x080003e7   Thumb Code     0  rt_memclr_w.o(.text)
    __aeabi_memclr8                          0x080003e7   Thumb Code     0  rt_memclr_w.o(.text)
    __rt_memclr_w                            0x080003e7   Thumb Code     0  rt_memclr_w.o(.text)
    _memset_w                                0x080003eb   Thumb Code    74  rt_memclr_w.o(.text)
    __use_two_region_memory                  0x08000435   Thumb Code     2  heapauxi.o(.text)
    __rt_heap_escrow$2region                 0x08000437   Thumb Code     2  heapauxi.o(.text)
    __rt_heap_expand$2region                 0x08000439   Thumb Code     2  heapauxi.o(.text)
    __cpp_initialize__aeabi_                 0x0800043d   Thumb Code    28  init_aeabi.o(.text)
    __read_errno                             0x08000461   Thumb Code    10  _rserrno.o(.text)
    __set_errno                              0x0800046b   Thumb Code    12  _rserrno.o(.text)
    __aeabi_memcpy4                          0x08000477   Thumb Code     0  rt_memcpy_w.o(.text)
    __aeabi_memcpy8                          0x08000477   Thumb Code     0  rt_memcpy_w.o(.text)
    __rt_memcpy_w                            0x08000477   Thumb Code   100  rt_memcpy_w.o(.text)
    _memcpy_lastbytes_aligned                0x080004bf   Thumb Code     0  rt_memcpy_w.o(.text)
    __aeabi_errno_addr                       0x080004dd   Thumb Code     8  rt_errno_addr_intlibspace.o(.text)
    __errno$intlibspace                      0x080004dd   Thumb Code     0  rt_errno_addr_intlibspace.o(.text)
    __rt_errno_addr$intlibspace              0x080004dd   Thumb Code     0  rt_errno_addr_intlibspace.o(.text)
    abort                                    0x080004e5   Thumb Code    22  abort.o(.text)
    _sys_exit                                0x080004fd   Thumb Code     8  sys_exit.o(.text)
    __user_libspace                          0x08000509   Thumb Code     8  libspace.o(.text)
    __user_perproc_libspace                  0x08000509   Thumb Code     0  libspace.o(.text)
    __user_perthread_libspace                0x08000509   Thumb Code     0  libspace.o(.text)
    __user_setup_stackheap                   0x08000511   Thumb Code    74  sys_stackheap_outer.o(.text)
    exit                                     0x0800055b   Thumb Code    18  exit.o(.text)
    __rt_SIGABRT                             0x0800056d   Thumb Code    14  defsig_abrt_outer.o(.text)
    __I$use$semihosting                      0x0800057b   Thumb Code     0  use_no_semi.o(.text)
    __use_no_semihosting_swi                 0x0800057b   Thumb Code     2  use_no_semi.o(.text)
    __semihosting_library_function           0x0800057d   Thumb Code     0  indicate_semi.o(.text)
    __sig_exit                               0x0800057d   Thumb Code    10  defsig_exit.o(.text)
    __rt_SIGABRT_inner                       0x08000589   Thumb Code    14  defsig_abrt_inner.o(.text)
    __default_signal_display                 0x080005b9   Thumb Code    50  defsig_general.o(.text)
    _ttywrch                                 0x080005eb   Thumb Code    14  sys_wrch.o(.text)
    BusFault_Handler                         0x080005f9   Thumb Code     4  stm32f4xx_it.o(.text.BusFault_Handler)
    CAN1_RX0_IRQHandler                      0x080005fd   Thumb Code    16  stm32f4xx_it.o(.text.CAN1_RX0_IRQHandler)
    CAN1_RX1_IRQHandler                      0x0800060d   Thumb Code    16  stm32f4xx_it.o(.text.CAN1_RX1_IRQHandler)
    CAN1_SCE_IRQHandler                      0x0800061d   Thumb Code    16  stm32f4xx_it.o(.text.CAN1_SCE_IRQHandler)
    CAN1_TX_IRQHandler                       0x0800062d   Thumb Code    16  stm32f4xx_it.o(.text.CAN1_TX_IRQHandler)
    DMA1_Stream1_IRQHandler                  0x0800063d   Thumb Code    16  stm32f4xx_it.o(.text.DMA1_Stream1_IRQHandler)
    DMA2_Stream7_IRQHandler                  0x0800064d   Thumb Code    16  stm32f4xx_it.o(.text.DMA2_Stream7_IRQHandler)
    DebugMon_Handler                         0x080007f5   Thumb Code     2  stm32f4xx_it.o(.text.DebugMon_Handler)
    Error_Handler                            0x080007f9   Thumb Code     6  main.o(.text.Error_Handler)
    HAL_CAN_ActivateNotification             0x08000801   Thumb Code    82  stm32f4xx_hal_can.o(.text.HAL_CAN_ActivateNotification)
    HAL_CAN_AddTxMessage                     0x08000855   Thumb Code   342  stm32f4xx_hal_can.o(.text.HAL_CAN_AddTxMessage)
    HAL_CAN_ConfigFilter                     0x080009ad   Thumb Code   420  stm32f4xx_hal_can.o(.text.HAL_CAN_ConfigFilter)
    HAL_CAN_ErrorCallback                    0x08000b51   Thumb Code     8  stm32f4xx_hal_can.o(.text.HAL_CAN_ErrorCallback)
    HAL_CAN_GetRxMessage                     0x08000b59   Thumb Code   530  stm32f4xx_hal_can.o(.text.HAL_CAN_GetRxMessage)
    HAL_CAN_IRQHandler                       0x08000d6d   Thumb Code  1010  stm32f4xx_hal_can.o(.text.HAL_CAN_IRQHandler)
    HAL_CAN_Init                             0x08001161   Thumb Code   478  stm32f4xx_hal_can.o(.text.HAL_CAN_Init)
    HAL_CAN_MspInit                          0x08001341   Thumb Code   216  can.o(.text.HAL_CAN_MspInit)
    HAL_CAN_RxFifo0FullCallback              0x08001419   Thumb Code     8  stm32f4xx_hal_can.o(.text.HAL_CAN_RxFifo0FullCallback)
    HAL_CAN_RxFifo0MsgPendingCallback        0x08001421   Thumb Code   108  callback_1.o(.text.HAL_CAN_RxFifo0MsgPendingCallback)
    HAL_CAN_RxFifo1FullCallback              0x0800148d   Thumb Code     8  stm32f4xx_hal_can.o(.text.HAL_CAN_RxFifo1FullCallback)
    HAL_CAN_RxFifo1MsgPendingCallback        0x08001495   Thumb Code     8  stm32f4xx_hal_can.o(.text.HAL_CAN_RxFifo1MsgPendingCallback)
    HAL_CAN_SleepCallback                    0x0800149d   Thumb Code     8  stm32f4xx_hal_can.o(.text.HAL_CAN_SleepCallback)
    HAL_CAN_Start                            0x080014a5   Thumb Code   138  stm32f4xx_hal_can.o(.text.HAL_CAN_Start)
    HAL_CAN_TxMailbox0AbortCallback          0x08001531   Thumb Code     8  stm32f4xx_hal_can.o(.text.HAL_CAN_TxMailbox0AbortCallback)
    HAL_CAN_TxMailbox0CompleteCallback       0x08001539   Thumb Code     8  stm32f4xx_hal_can.o(.text.HAL_CAN_TxMailbox0CompleteCallback)
    HAL_CAN_TxMailbox1AbortCallback          0x08001541   Thumb Code     8  stm32f4xx_hal_can.o(.text.HAL_CAN_TxMailbox1AbortCallback)
    HAL_CAN_TxMailbox1CompleteCallback       0x08001549   Thumb Code     8  stm32f4xx_hal_can.o(.text.HAL_CAN_TxMailbox1CompleteCallback)
    HAL_CAN_TxMailbox2AbortCallback          0x08001551   Thumb Code     8  stm32f4xx_hal_can.o(.text.HAL_CAN_TxMailbox2AbortCallback)
    HAL_CAN_TxMailbox2CompleteCallback       0x08001559   Thumb Code     8  stm32f4xx_hal_can.o(.text.HAL_CAN_TxMailbox2CompleteCallback)
    HAL_CAN_WakeUpFromRxMsgCallback          0x08001561   Thumb Code     8  stm32f4xx_hal_can.o(.text.HAL_CAN_WakeUpFromRxMsgCallback)
    HAL_DMA_Abort                            0x08001569   Thumb Code   236  stm32f4xx_hal_dma.o(.text.HAL_DMA_Abort)
    HAL_DMA_Abort_IT                         0x08001655   Thumb Code    68  stm32f4xx_hal_dma.o(.text.HAL_DMA_Abort_IT)
    HAL_DMA_IRQHandler                       0x08001699   Thumb Code   798  stm32f4xx_hal_dma.o(.text.HAL_DMA_IRQHandler)
    HAL_DMA_Init                             0x080019b9   Thumb Code   366  stm32f4xx_hal_dma.o(.text.HAL_DMA_Init)
    HAL_DMA_Start_IT                         0x08001b29   Thumb Code   194  stm32f4xx_hal_dma.o(.text.HAL_DMA_Start_IT)
    HAL_GPIO_Init                            0x08001bed   Thumb Code   950  stm32f4xx_hal_gpio.o(.text.HAL_GPIO_Init)
    HAL_GPIO_WritePin                        0x08001fa5   Thumb Code    46  stm32f4xx_hal_gpio.o(.text.HAL_GPIO_WritePin)
    HAL_GetTick                              0x08001fd5   Thumb Code    12  stm32f4xx_hal.o(.text.HAL_GetTick)
    HAL_IncTick                              0x08001fe1   Thumb Code    26  stm32f4xx_hal.o(.text.HAL_IncTick)
    HAL_Init                                 0x08001ffd   Thumb Code    54  stm32f4xx_hal.o(.text.HAL_Init)
    HAL_InitTick                             0x08002035   Thumb Code   112  stm32f4xx_hal.o(.text.HAL_InitTick)
    HAL_MspInit                              0x080020a5   Thumb Code    74  stm32f4xx_hal_msp.o(.text.HAL_MspInit)
    HAL_NVIC_EnableIRQ                       0x080020f1   Thumb Code    20  stm32f4xx_hal_cortex.o(.text.HAL_NVIC_EnableIRQ)
    HAL_NVIC_SetPriority                     0x08002105   Thumb Code    50  stm32f4xx_hal_cortex.o(.text.HAL_NVIC_SetPriority)
    HAL_NVIC_SetPriorityGrouping             0x08002139   Thumb Code    16  stm32f4xx_hal_cortex.o(.text.HAL_NVIC_SetPriorityGrouping)
    HAL_RCC_ClockConfig                      0x08002149   Thumb Code   610  stm32f4xx_hal_rcc.o(.text.HAL_RCC_ClockConfig)
    HAL_RCC_GetHCLKFreq                      0x080023ad   Thumb Code    12  stm32f4xx_hal_rcc.o(.text.HAL_RCC_GetHCLKFreq)
    HAL_RCC_GetPCLK1Freq                     0x080023b9   Thumb Code    34  stm32f4xx_hal_rcc.o(.text.HAL_RCC_GetPCLK1Freq)
    HAL_RCC_GetPCLK2Freq                     0x080023dd   Thumb Code    34  stm32f4xx_hal_rcc.o(.text.HAL_RCC_GetPCLK2Freq)
    HAL_RCC_GetSysClockFreq                  0x08002401   Thumb Code   230  stm32f4xx_hal_rcc.o(.text.HAL_RCC_GetSysClockFreq)
    HAL_RCC_OscConfig                        0x080024e9   Thumb Code  1726  stm32f4xx_hal_rcc.o(.text.HAL_RCC_OscConfig)
    HAL_SPI_ErrorCallback                    0x08002ba9   Thumb Code     8  stm32f4xx_hal_spi.o(.text.HAL_SPI_ErrorCallback)
    HAL_SPI_GetState                         0x08002bb1   Thumb Code    14  stm32f4xx_hal_spi.o(.text.HAL_SPI_GetState)
    HAL_SPI_IRQHandler                       0x08002bc1   Thumb Code   560  stm32f4xx_hal_spi.o(.text.HAL_SPI_IRQHandler)
    HAL_SPI_Init                             0x08002df1   Thumb Code   256  stm32f4xx_hal_spi.o(.text.HAL_SPI_Init)
    HAL_SPI_MspInit                          0x08002ef1   Thumb Code   246  spi.o(.text.HAL_SPI_MspInit)
    HAL_SPI_Receive                          0x08002fe9   Thumb Code   590  stm32f4xx_hal_spi.o(.text.HAL_SPI_Receive)
    HAL_SPI_Transmit                         0x08003239   Thumb Code   674  stm32f4xx_hal_spi.o(.text.HAL_SPI_Transmit)
    HAL_SPI_TransmitReceive                  0x080034dd   Thumb Code   930  stm32f4xx_hal_spi.o(.text.HAL_SPI_TransmitReceive)
    HAL_SYSTICK_Config                       0x08003881   Thumb Code    16  stm32f4xx_hal_cortex.o(.text.HAL_SYSTICK_Config)
    HAL_TIMEx_BreakCallback                  0x08003891   Thumb Code     8  stm32f4xx_hal_tim_ex.o(.text.HAL_TIMEx_BreakCallback)
    HAL_TIMEx_CommutCallback                 0x08003899   Thumb Code     8  stm32f4xx_hal_tim_ex.o(.text.HAL_TIMEx_CommutCallback)
    HAL_TIMEx_MasterConfigSynchronization    0x080038a1   Thumb Code   290  stm32f4xx_hal_tim_ex.o(.text.HAL_TIMEx_MasterConfigSynchronization)
    HAL_TIM_Base_Init                        0x080039c5   Thumb Code   156  stm32f4xx_hal_tim.o(.text.HAL_TIM_Base_Init)
    HAL_TIM_Base_MspInit                     0x08003a61   Thumb Code   136  tim.o(.text.HAL_TIM_Base_MspInit)
    HAL_TIM_Base_Start_IT                    0x08003ae9   Thumb Code   246  stm32f4xx_hal_tim.o(.text.HAL_TIM_Base_Start_IT)
    HAL_TIM_ConfigClockSource                0x08003be1   Thumb Code   388  stm32f4xx_hal_tim.o(.text.HAL_TIM_ConfigClockSource)
    HAL_TIM_IC_CaptureCallback               0x08003d65   Thumb Code     8  stm32f4xx_hal_tim.o(.text.HAL_TIM_IC_CaptureCallback)
    HAL_TIM_IRQHandler                       0x08003d6d   Thumb Code   538  stm32f4xx_hal_tim.o(.text.HAL_TIM_IRQHandler)
    HAL_TIM_OC_DelayElapsedCallback          0x08003f89   Thumb Code     8  stm32f4xx_hal_tim.o(.text.HAL_TIM_OC_DelayElapsedCallback)
    HAL_TIM_PWM_PulseFinishedCallback        0x08003f91   Thumb Code     8  stm32f4xx_hal_tim.o(.text.HAL_TIM_PWM_PulseFinishedCallback)
    HAL_TIM_PeriodElapsedCallback            0x08003f99   Thumb Code    32  callback_1.o(.text.HAL_TIM_PeriodElapsedCallback)
    HAL_TIM_TriggerCallback                  0x08003fb9   Thumb Code     8  stm32f4xx_hal_tim.o(.text.HAL_TIM_TriggerCallback)
    HAL_UARTEx_ReceiveToIdle_DMA             0x08003fc1   Thumb Code   194  stm32f4xx_hal_uart.o(.text.HAL_UARTEx_ReceiveToIdle_DMA)
    HAL_UARTEx_RxEventCallback               0x08004085   Thumb Code    82  callback_1.o(.text.HAL_UARTEx_RxEventCallback)
    HAL_UART_ErrorCallback                   0x080040d9   Thumb Code     8  stm32f4xx_hal_uart.o(.text.HAL_UART_ErrorCallback)
    HAL_UART_IRQHandler                      0x080040e1   Thumb Code  1068  stm32f4xx_hal_uart.o(.text.HAL_UART_IRQHandler)
    HAL_UART_Init                            0x0800450d   Thumb Code   158  stm32f4xx_hal_uart.o(.text.HAL_UART_Init)
    HAL_UART_MspInit                         0x080045ad   Thumb Code   466  usart.o(.text.HAL_UART_MspInit)
    HAL_UART_Receive_DMA                     0x08004781   Thumb Code    86  stm32f4xx_hal_uart.o(.text.HAL_UART_Receive_DMA)
    HAL_UART_RxCpltCallback                  0x080047d9   Thumb Code     8  stm32f4xx_hal_uart.o(.text.HAL_UART_RxCpltCallback)
    HAL_UART_RxHalfCpltCallback              0x080047e1   Thumb Code     8  stm32f4xx_hal_uart.o(.text.HAL_UART_RxHalfCpltCallback)
    HAL_UART_TxCpltCallback                  0x080047e9   Thumb Code     8  stm32f4xx_hal_uart.o(.text.HAL_UART_TxCpltCallback)
    HardFault_Handler                        0x080047f1   Thumb Code     4  stm32f4xx_it.o(.text.HardFault_Handler)
    MX_CAN1_Init                             0x080047f5   Thumb Code    78  can.o(.text.MX_CAN1_Init)
    MX_DMA_Init                              0x08004845   Thumb Code   114  dma.o(.text.MX_DMA_Init)
    MX_GPIO_Init                             0x080048b9   Thumb Code   274  gpio.o(.text.MX_GPIO_Init)
    MX_SPI1_Init                             0x080049cd   Thumb Code    82  spi.o(.text.MX_SPI1_Init)
    MX_TIM1_Init                             0x08004a21   Thumb Code   134  tim.o(.text.MX_TIM1_Init)
    MX_USART1_UART_Init                      0x08004aa9   Thumb Code    64  usart.o(.text.MX_USART1_UART_Init)
    MX_USART3_UART_Init                      0x08004ae9   Thumb Code    64  usart.o(.text.MX_USART3_UART_Init)
    MemManage_Handler                        0x08004b29   Thumb Code     4  stm32f4xx_it.o(.text.MemManage_Handler)
    NMI_Handler                              0x08004b2d   Thumb Code     4  stm32f4xx_it.o(.text.NMI_Handler)
    PendSV_Handler                           0x08004b9d   Thumb Code     2  stm32f4xx_it.o(.text.PendSV_Handler)
    SPI1_IRQHandler                          0x08004ba1   Thumb Code    16  stm32f4xx_it.o(.text.SPI1_IRQHandler)
    SVC_Handler                              0x08004ead   Thumb Code     2  stm32f4xx_it.o(.text.SVC_Handler)
    SysTick_Handler                          0x08004f05   Thumb Code     8  stm32f4xx_it.o(.text.SysTick_Handler)
    SystemInit                               0x08004f0d   Thumb Code    18  system_stm32f4xx.o(.text.SystemInit)
    TIM1_BRK_TIM9_IRQHandler                 0x08004f21   Thumb Code    16  stm32f4xx_it.o(.text.TIM1_BRK_TIM9_IRQHandler)
    TIM1_CC_IRQHandler                       0x08004f31   Thumb Code    16  stm32f4xx_it.o(.text.TIM1_CC_IRQHandler)
    TIM1_TRG_COM_TIM11_IRQHandler            0x08004f41   Thumb Code    16  stm32f4xx_it.o(.text.TIM1_TRG_COM_TIM11_IRQHandler)
    TIM1_UP_TIM10_IRQHandler                 0x08004f51   Thumb Code    16  stm32f4xx_it.o(.text.TIM1_UP_TIM10_IRQHandler)
    TIM_Base_SetConfig                       0x08004f61   Thumb Code   432  stm32f4xx_hal_tim.o(.text.TIM_Base_SetConfig)
    TIM_ETR_SetConfig                        0x08005111   Thumb Code    52  stm32f4xx_hal_tim.o(.text.TIM_ETR_SetConfig)
    UART_Start_Receive_DMA                   0x08005775   Thumb Code   268  stm32f4xx_hal_uart.o(.text.UART_Start_Receive_DMA)
    USART1_IRQHandler                        0x08005915   Thumb Code    16  stm32f4xx_it.o(.text.USART1_IRQHandler)
    UsageFault_Handler                       0x08005925   Thumb Code     4  stm32f4xx_it.o(.text.UsageFault_Handler)
    sendCanMessage(CAN_HandleTypeDef*, unsigned int, unsigned char*, unsigned char) 0x08005945   Thumb Code    62  control.o(.text._Z14sendCanMessageP17CAN_HandleTypeDefjPhh)
    canRxMsgCallback(unsigned char*, Motor*) 0x08005985   Thumb Code    22  callback_1.o(.text._Z16canRxMsgCallbackPhP5Motor)
    ConfigureCANFilter(CAN_HandleTypeDef*, unsigned int, unsigned int) 0x0800599d   Thumb Code    54  main.o(.text._Z18ConfigureCANFilterP17CAN_HandleTypeDefjj)
    SystemClock_Config()                     0x080059d5   Thumb Code   188  main.o(.text._Z18SystemClock_Configv)
    cos[abi:v16000](float)                   0x08005a91   Thumb Code    20  imu.o(.text._Z3cosB6v16000f)
    std::__2::enable_if<std::is_arithmetic<int>::value && std::is_arithmetic<int>::value, std::__2::__promote<int, int, void>>::type::type pow[abi:v16000]<int, int>(int, int) 0x08005aa5   Thumb Code    44  imu.o(.text._Z3powB6v16000IiiENSt3__29enable_ifIXaasr3std13is_arithmeticIT_EE5valuesr3std13is_arithmeticIT0_EE5valueENS0_9__promoteIS2_S3_vEEE4type4typeES2_S3_)
    sin[abi:v16000](float)                   0x08005ad1   Thumb Code    20  imu.o(.text._Z3sinB6v16000f)
    sqrt[abi:v16000](float)                  0x08005ae5   Thumb Code    20  imu.o(.text._Z4sqrtB6v16000f)
    atan2[abi:v16000](float, float)          0x08005af9   Thumb Code    28  imu.o(.text._Z5atan2B6v16000ff)
    mainLoop()                               0x08005b19   Thumb Code   452  control.o(.text._Z8mainLoopv)
    GM6020Motor::updateMotorStatus(unsigned char*) 0x08005cdd   Thumb Code    20  motor.o(.text._ZN11GM6020Motor17updateMotorStatusEPh)
    GM6020Motor::GM6020Motor()               0x08005cf1   Thumb Code    36  motor.o(.text._ZN11GM6020MotorC2Ev)
    GM6020Motor::GM6020Motor__sub_object()   0x08005cf1   Thumb Code    36  motor.o(.text._ZN11GM6020MotorC2Ev)
    IMU::dataProcess(float)                  0x08005d19   Thumb Code   700  imu.o(.text._ZN3IMU11dataProcessEf)
    IMU::readGyroRate()                      0x08005fd9   Thumb Code   332  imu.o(.text._ZN3IMU12readGyroRateEv)
    IMU::linearMapping(int, int, int, float, float) 0x08006125   Thumb Code   194  imu.o(.text._ZN3IMU13linearMappingEiiiff)
    IMU::readAccelRate()                     0x080061e9   Thumb Code   472  imu.o(.text._ZN3IMU13readAccelRateEv)
    IMU::BMI088_WriteReg(unsigned char, unsigned char) 0x080063c1   Thumb Code   132  imu.o(.text._ZN3IMU15BMI088_WriteRegEhh)
    IMU::BMI088_GYRO_NS_H()                  0x08006445   Thumb Code    26  imu.o(.text._ZN3IMU16BMI088_GYRO_NS_HEv)
    IMU::BMI088_GYRO_NS_L()                  0x08006461   Thumb Code    26  imu.o(.text._ZN3IMU16BMI088_GYRO_NS_LEv)
    IMU::BMI088_ACCEL_NS_H()                 0x0800647d   Thumb Code    24  imu.o(.text._ZN3IMU17BMI088_ACCEL_NS_HEv)
    IMU::BMI088_ACCEL_NS_L()                 0x08006495   Thumb Code    24  imu.o(.text._ZN3IMU17BMI088_ACCEL_NS_LEv)
    IMU::BMI088_read_acc_single_reg(unsigned char, unsigned char*, unsigned char) 0x080064ad   Thumb Code   130  imu.o(.text._ZN3IMU26BMI088_read_acc_single_regEhPhh)
    IMU::BMI088_read_gyro_single_reg(unsigned char, unsigned char*, unsigned char) 0x08006531   Thumb Code   130  imu.o(.text._ZN3IMU27BMI088_read_gyro_single_regEhPhh)
    IMU::init()                              0x080065b5   Thumb Code   102  imu.o(.text._ZN3IMU4initEv)
    IMU::IMU()                               0x0800661d   Thumb Code   152  imu.o(.text._ZN3IMUC2Ev)
    IMU::IMU__sub_object()                   0x0800661d   Thumb Code   152  imu.o(.text._ZN3IMUC2Ev)
    PID::PID_Calc(float, float)              0x080066b5   Thumb Code   292  pid.o(.text._ZN3PID8PID_CalcEff)
    PID::PID(float, float, float, float, float) 0x080067d9   Thumb Code    50  pid.o(.text._ZN3PIDC2Efffff)
    PID::PID__sub_object(float, float, float, float, float) 0x080067d9   Thumb Code    50  pid.o(.text._ZN3PIDC2Efffff)
    Motor::linearMapping(int, int, int, float, float) 0x0800680d   Thumb Code   192  motor.o(.text._ZN5Motor13linearMappingEiiiff)
    Motor::updateMotorStatus(unsigned char*) 0x080068cd   Thumb Code   184  motor.o(.text._ZN5Motor17updateMotorStatusEPh)
    Motor::Motor(float)                      0x08006985   Thumb Code    46  motor.o(.text._ZN5MotorC2Ef)
    Motor::Motor__sub_object(float)          0x08006985   Thumb Code    46  motor.o(.text._ZN5MotorC2Ef)
    Remote::linearMapping(int, int, int, float, float) 0x080069b5   Thumb Code    72  remote.o(.text._ZN6Remote13linearMappingEiiiff)
    Remote::RemoteDataProcess(unsigned char const*) 0x080069fd   Thumb Code   462  remote.o(.text._ZN6Remote17RemoteDataProcessEPKh)
    Remote::Remote()                         0x08006bcd   Thumb Code    94  remote.o(.text._ZN6RemoteC2Ev)
    Remote::Remote__sub_object()             0x08006bcd   Thumb Code    94  remote.o(.text._ZN6RemoteC2Ev)
    abort_message                            0x08006eb5   Thumb Code     4  abort_message.cpp.o(.text.abort_message)
    main                                     0x08006eb9   Thumb Code   120  main.o(.text.main)
    __cxa_guard_acquire                      0x08006f31   Thumb Code    40  cxa_guard.cpp.o(.text.unlikely.__cxa_guard_acquire)
    __cxa_guard_release                      0x08006f91   Thumb Code     8  cxa_guard.cpp.o(.text.unlikely.__cxa_guard_release)
    __ARM_fpclassify                         0x08006f99   Thumb Code    48  fpclassify.o(i.__ARM_fpclassify)
    __ARM_fpclassifyf                        0x08006fc9   Thumb Code    38  fpclassifyf.o(i.__ARM_fpclassifyf)
    __hardfp_atan2f                          0x08006ff1   Thumb Code   594  atan2f.o(i.__hardfp_atan2f)
    __hardfp_cosf                            0x0800729d   Thumb Code   280  cosf.o(i.__hardfp_cosf)
    __hardfp_pow                             0x080073f1   Thumb Code  3088  pow.o(i.__hardfp_pow)
    __hardfp_sinf                            0x08008051   Thumb Code   344  sinf.o(i.__hardfp_sinf)
    __hardfp_sqrtf                           0x080081e1   Thumb Code    58  sqrtf.o(i.__hardfp_sqrtf)
    __kernel_poly                            0x0800821b   Thumb Code   248  poly.o(i.__kernel_poly)
    __mathlib_dbl_divzero                    0x08008319   Thumb Code    28  dunder.o(i.__mathlib_dbl_divzero)
    __mathlib_dbl_infnan2                    0x08008349   Thumb Code    20  dunder.o(i.__mathlib_dbl_infnan2)
    __mathlib_dbl_invalid                    0x08008361   Thumb Code    24  dunder.o(i.__mathlib_dbl_invalid)
    __mathlib_dbl_overflow                   0x08008381   Thumb Code    24  dunder.o(i.__mathlib_dbl_overflow)
    __mathlib_dbl_underflow                  0x080083a1   Thumb Code    24  dunder.o(i.__mathlib_dbl_underflow)
    __mathlib_flt_infnan                     0x080083c1   Thumb Code     6  funder.o(i.__mathlib_flt_infnan)
    __mathlib_flt_infnan2                    0x080083c7   Thumb Code     6  funder.o(i.__mathlib_flt_infnan2)
    __mathlib_flt_invalid                    0x080083cd   Thumb Code    10  funder.o(i.__mathlib_flt_invalid)
    __mathlib_flt_underflow                  0x080083dd   Thumb Code    10  funder.o(i.__mathlib_flt_underflow)
    __mathlib_rredf2                         0x080083ed   Thumb Code   316  rredf.o(i.__mathlib_rredf2)
    fabs                                     0x08008541   Thumb Code    24  fabs.o(i.fabs)
    sqrt                                     0x08008559   Thumb Code   110  sqrt.o(i.sqrt)
    __aeabi_dneg                             0x080085c7   Thumb Code     0  basic.o(x$fpl$basic)
    _dneg                                    0x080085c7   Thumb Code     6  basic.o(x$fpl$basic)
    __aeabi_fneg                             0x080085cd   Thumb Code     0  basic.o(x$fpl$basic)
    _fneg                                    0x080085cd   Thumb Code     6  basic.o(x$fpl$basic)
    _dabs                                    0x080085d3   Thumb Code     6  basic.o(x$fpl$basic)
    _fabs                                    0x080085d9   Thumb Code     6  basic.o(x$fpl$basic)
    __aeabi_d2f                              0x080085e1   Thumb Code     0  d2f.o(x$fpl$d2f)
    _d2f                                     0x080085e1   Thumb Code    98  d2f.o(x$fpl$d2f)
    __aeabi_dadd                             0x08008645   Thumb Code     0  daddsub_clz.o(x$fpl$dadd)
    _dadd                                    0x08008645   Thumb Code   332  daddsub_clz.o(x$fpl$dadd)
    __fpl_dcheck_NaN1                        0x08008795   Thumb Code    10  dcheck1.o(x$fpl$dcheck1)
    __fpl_dcmp_Inf                           0x080087a5   Thumb Code    24  dcmpi.o(x$fpl$dcmpinf)
    __aeabi_ddiv                             0x080087bd   Thumb Code     0  ddiv.o(x$fpl$ddiv)
    _ddiv                                    0x080087bd   Thumb Code   556  ddiv.o(x$fpl$ddiv)
    __aeabi_d2iz                             0x08008a71   Thumb Code     0  dfix.o(x$fpl$dfix)
    _dfix                                    0x08008a71   Thumb Code    94  dfix.o(x$fpl$dfix)
    __aeabi_i2d                              0x08008acf   Thumb Code     0  dflt_clz.o(x$fpl$dflt)
    _dflt                                    0x08008acf   Thumb Code    46  dflt_clz.o(x$fpl$dflt)
    __aeabi_cdcmple                          0x08008afd   Thumb Code     0  dleqf.o(x$fpl$dleqf)
    _dcmple                                  0x08008afd   Thumb Code   120  dleqf.o(x$fpl$dleqf)
    __fpl_dcmple_InfNaN                      0x08008b5f   Thumb Code     0  dleqf.o(x$fpl$dleqf)
    __aeabi_dmul                             0x08008b75   Thumb Code     0  dmul.o(x$fpl$dmul)
    _dmul                                    0x08008b75   Thumb Code   332  dmul.o(x$fpl$dmul)
    __fpl_dnaninf                            0x08008cc9   Thumb Code   156  dnaninf.o(x$fpl$dnaninf)
    __fpl_dretinf                            0x08008d65   Thumb Code    12  dretinf.o(x$fpl$dretinf)
    __aeabi_cdrcmple                         0x08008d71   Thumb Code     0  drleqf.o(x$fpl$drleqf)
    _drcmple                                 0x08008d71   Thumb Code   108  drleqf.o(x$fpl$drleqf)
    __aeabi_drsub                            0x08008ddd   Thumb Code     0  daddsub_clz.o(x$fpl$drsb)
    _drsb                                    0x08008ddd   Thumb Code    22  daddsub_clz.o(x$fpl$drsb)
    _dsqrt                                   0x08008df5   Thumb Code   404  dsqrt_umaal.o(x$fpl$dsqrt)
    __aeabi_dsub                             0x08008f8d   Thumb Code     0  daddsub_clz.o(x$fpl$dsub)
    _dsub                                    0x08008f8d   Thumb Code   472  daddsub_clz.o(x$fpl$dsub)
    __aeabi_f2d                              0x08009169   Thumb Code     0  f2d.o(x$fpl$f2d)
    _f2d                                     0x08009169   Thumb Code    86  f2d.o(x$fpl$f2d)
    __fpl_fnaninf                            0x080091bf   Thumb Code   140  fnaninf.o(x$fpl$fnaninf)
    _fp_init                                 0x0800924b   Thumb Code    26  fpinit.o(x$fpl$fpinit)
    __fplib_config_fpu_vfp                   0x08009263   Thumb Code     0  fpinit.o(x$fpl$fpinit)
    __fplib_config_pureend_doubles           0x08009263   Thumb Code     0  fpinit.o(x$fpl$fpinit)
    __fpl_fretinf                            0x08009265   Thumb Code    10  fretinf.o(x$fpl$fretinf)
    __fpl_return_NaN                         0x0800926f   Thumb Code   100  retnan.o(x$fpl$retnan)
    __ARM_scalbn                             0x080092d3   Thumb Code    92  scalbn.o(x$fpl$scalbn)
    __fpl_cmpreturn                          0x0800932f   Thumb Code    48  trapv.o(x$fpl$trapveneer)
    __I$use$fp                               0x0800935e   Number         0  usenofp.o(x$fpl$usenofp)
    __mathlib_zero                           0x080093e8   Data           8  qnan.o(.constdata)
    AHBPrescTable                            0x08009410   Data          16  system_stm32f4xx.o(.rodata.AHBPrescTable)
    APBPrescTable                            0x08009420   Data           8  system_stm32f4xx.o(.rodata.APBPrescTable)
    vtable for GM6020Motor                   0x08009430   Data          12  motor.o(.rodata._ZTV11GM6020Motor)
    vtable for Motor                         0x0800943c   Data          12  motor.o(.rodata._ZTV5Motor)
    Region$$Table$$Base                      0x08009448   Number         0  anon$$obj.o(Region$$Table)
    Region$$Table$$Limit                     0x08009468   Number         0  anon$$obj.o(Region$$Table)
    SHT$$INIT_ARRAY$$Base                    0x08009468   Number         0  control.o(.init_array)
    SHT$$INIT_ARRAY$$Limit                   0x08009484   Number         0  init_aeabi.o(.init_array)
    SystemCoreClock                          0x20000000   Data           4  system_stm32f4xx.o(.data.SystemCoreClock)
    uwTickFreq                               0x20000004   Data           1  stm32f4xx_hal.o(.data.uwTickFreq)
    uwTickPrio                               0x20000008   Data           4  stm32f4xx_hal.o(.data.uwTickPrio)
    __libspace_start                         0x20000010   Data          96  libspace.o(.bss)
    guard variable for pid_yaw_angle         0x20000070   Data           4  control.o(.bss._ZGV13pid_yaw_angle)
    __temporary_stack_top$libspace           0x20000070   Data           0  libspace.o(.bss)
    guard variable for pid_yaw_speed         0x20000074   Data           4  control.o(.bss._ZGV13pid_yaw_speed)
    guard variable for pid_pitch_angle       0x20000078   Data           4  control.o(.bss._ZGV15pid_pitch_angle)
    guard variable for pid_pitch_speed       0x2000007c   Data           4  control.o(.bss._ZGV15pid_pitch_speed)
    canData                                  0x20000080   Data           8  control.o(.bss.canData)
    hcan1                                    0x20000088   Data          40  can.o(.bss.hcan1)
    hdma_usart1_tx                           0x200000b0   Data          96  usart.o(.bss.hdma_usart1_tx)
    hdma_usart3_rx                           0x20000110   Data          96  usart.o(.bss.hdma_usart3_rx)
    hspi1                                    0x20000170   Data          88  spi.o(.bss.hspi1)
    htim1                                    0x200001c8   Data          72  tim.o(.bss.htim1)
    huart1                                   0x20000210   Data          72  usart.o(.bss.huart1)
    huart3                                   0x20000258   Data          72  usart.o(.bss.huart3)
    imu                                      0x200002a0   Data          88  imu.o(.bss.imu)
    pid_pitch_angle                          0x200002f8   Data          56  control.o(.bss.pid_pitch_angle)
    pid_pitch_speed                          0x20000330   Data          56  control.o(.bss.pid_pitch_speed)
    pid_yaw_angle                            0x20000368   Data          56  control.o(.bss.pid_yaw_angle)
    pid_yaw_speed                            0x200003a0   Data          56  control.o(.bss.pid_yaw_speed)
    pit_motor                                0x200003d8   Data          36  motor.o(.bss.pit_motor)
    refe                                     0x200003fc   Data           4  control.o(.bss.refe)
    remote                                   0x20000400   Data          92  remote.o(.bss.remote)
    uwTick                                   0x2000045c   Data           4  stm32f4xx_hal.o(.bss.uwTick)
    yaw_motor                                0x20000460   Data          36  motor.o(.bss.yaw_motor)



==============================================================================

Memory Map of the image

  Image Entry point : 0x08000189

  Load Region LR_IROM1 (Base: 0x08000000, Size: 0x00009498, Max: 0x00100000, ABSOLUTE)

    Execution Region ER_IROM1 (Exec base: 0x08000000, Load base: 0x08000000, Size: 0x00009484, Max: 0x00100000, ABSOLUTE)

    Exec Addr    Load Addr    Size         Type   Attr      Idx    E Section Name        Object

    0x08000000   0x08000000   0x00000188   Data   RO            3    RESET               startup_stm32f407xx.o
    0x08000188   0x08000188   0x00000008   Code   RO         1453  * !!!main             c_w.l(__main.o)
    0x08000190   0x08000190   0x00000034   Code   RO         1798    !!!scatter          c_w.l(__scatter.o)
    0x080001c4   0x080001c4   0x0000001a   Code   RO         1800    !!handler_copy      c_w.l(__scatter_copy.o)
    0x080001de   0x080001de   0x00000002   PAD
    0x080001e0   0x080001e0   0x0000001c   Code   RO         1802    !!handler_zi        c_w.l(__scatter_zi.o)
    0x080001fc   0x080001fc   0x00000002   Code   RO         1717    .ARM.Collect$$libinit$$00000000  c_w.l(libinit.o)
    0x080001fe   0x080001fe   0x00000004   Code   RO         1535    .ARM.Collect$$libinit$$00000001  c_w.l(libinit2.o)
    0x08000202   0x08000202   0x00000000   Code   RO         1538    .ARM.Collect$$libinit$$00000004  c_w.l(libinit2.o)
    0x08000202   0x08000202   0x00000000   Code   RO         1540    .ARM.Collect$$libinit$$00000006  c_w.l(libinit2.o)
    0x08000202   0x08000202   0x00000000   Code   RO         1543    .ARM.Collect$$libinit$$0000000C  c_w.l(libinit2.o)
    0x08000202   0x08000202   0x00000000   Code   RO         1545    .ARM.Collect$$libinit$$0000000E  c_w.l(libinit2.o)
    0x08000202   0x08000202   0x00000000   Code   RO         1547    .ARM.Collect$$libinit$$00000010  c_w.l(libinit2.o)
    0x08000202   0x08000202   0x00000000   Code   RO         1550    .ARM.Collect$$libinit$$00000013  c_w.l(libinit2.o)
    0x08000202   0x08000202   0x00000000   Code   RO         1552    .ARM.Collect$$libinit$$00000015  c_w.l(libinit2.o)
    0x08000202   0x08000202   0x00000000   Code   RO         1554    .ARM.Collect$$libinit$$00000017  c_w.l(libinit2.o)
    0x08000202   0x08000202   0x00000000   Code   RO         1556    .ARM.Collect$$libinit$$00000019  c_w.l(libinit2.o)
    0x08000202   0x08000202   0x00000000   Code   RO         1558    .ARM.Collect$$libinit$$0000001B  c_w.l(libinit2.o)
    0x08000202   0x08000202   0x00000000   Code   RO         1560    .ARM.Collect$$libinit$$0000001D  c_w.l(libinit2.o)
    0x08000202   0x08000202   0x00000000   Code   RO         1562    .ARM.Collect$$libinit$$0000001F  c_w.l(libinit2.o)
    0x08000202   0x08000202   0x00000000   Code   RO         1564    .ARM.Collect$$libinit$$00000021  c_w.l(libinit2.o)
    0x08000202   0x08000202   0x00000000   Code   RO         1566    .ARM.Collect$$libinit$$00000023  c_w.l(libinit2.o)
    0x08000202   0x08000202   0x00000000   Code   RO         1568    .ARM.Collect$$libinit$$00000025  c_w.l(libinit2.o)
    0x08000202   0x08000202   0x00000000   Code   RO         1570    .ARM.Collect$$libinit$$00000027  c_w.l(libinit2.o)
    0x08000202   0x08000202   0x00000000   Code   RO         1574    .ARM.Collect$$libinit$$0000002E  c_w.l(libinit2.o)
    0x08000202   0x08000202   0x00000000   Code   RO         1576    .ARM.Collect$$libinit$$00000030  c_w.l(libinit2.o)
    0x08000202   0x08000202   0x00000000   Code   RO         1578    .ARM.Collect$$libinit$$00000032  c_w.l(libinit2.o)
    0x08000202   0x08000202   0x00000004   Code   RO         1579    .ARM.Collect$$libinit$$00000033  c_w.l(libinit2.o)
    0x08000206   0x08000206   0x00000000   Code   RO         1580    .ARM.Collect$$libinit$$00000034  c_w.l(libinit2.o)
    0x08000206   0x08000206   0x00000002   Code   RO         1581    .ARM.Collect$$libinit$$00000035  c_w.l(libinit2.o)
    0x08000208   0x08000208   0x00000002   Code   RO         1768    .ARM.Collect$$libshutdown$$00000000  c_w.l(libshutdown.o)
    0x0800020a   0x0800020a   0x00000000   Code   RO         1782    .ARM.Collect$$libshutdown$$00000002  c_w.l(libshutdown2.o)
    0x0800020a   0x0800020a   0x00000000   Code   RO         1784    .ARM.Collect$$libshutdown$$00000004  c_w.l(libshutdown2.o)
    0x0800020a   0x0800020a   0x00000000   Code   RO         1787    .ARM.Collect$$libshutdown$$00000007  c_w.l(libshutdown2.o)
    0x0800020a   0x0800020a   0x00000000   Code   RO         1790    .ARM.Collect$$libshutdown$$0000000A  c_w.l(libshutdown2.o)
    0x0800020a   0x0800020a   0x00000000   Code   RO         1792    .ARM.Collect$$libshutdown$$0000000C  c_w.l(libshutdown2.o)
    0x0800020a   0x0800020a   0x00000000   Code   RO         1795    .ARM.Collect$$libshutdown$$0000000F  c_w.l(libshutdown2.o)
    0x0800020a   0x0800020a   0x00000002   Code   RO         1796    .ARM.Collect$$libshutdown$$00000010  c_w.l(libshutdown2.o)
    0x0800020c   0x0800020c   0x00000000   Code   RO         1526    .ARM.Collect$$rtentry$$00000000  c_w.l(__rtentry.o)
    0x0800020c   0x0800020c   0x00000000   Code   RO         1656    .ARM.Collect$$rtentry$$00000002  c_w.l(__rtentry2.o)
    0x0800020c   0x0800020c   0x00000006   Code   RO         1668    .ARM.Collect$$rtentry$$00000004  c_w.l(__rtentry4.o)
    0x08000212   0x08000212   0x00000000   Code   RO         1658    .ARM.Collect$$rtentry$$00000009  c_w.l(__rtentry2.o)
    0x08000212   0x08000212   0x00000004   Code   RO         1659    .ARM.Collect$$rtentry$$0000000A  c_w.l(__rtentry2.o)
    0x08000216   0x08000216   0x00000000   Code   RO         1661    .ARM.Collect$$rtentry$$0000000C  c_w.l(__rtentry2.o)
    0x08000216   0x08000216   0x00000008   Code   RO         1662    .ARM.Collect$$rtentry$$0000000D  c_w.l(__rtentry2.o)
    0x0800021e   0x0800021e   0x00000002   Code   RO         1729    .ARM.Collect$$rtexit$$00000000  c_w.l(rtexit.o)
    0x08000220   0x08000220   0x00000000   Code   RO         1748    .ARM.Collect$$rtexit$$00000002  c_w.l(rtexit2.o)
    0x08000220   0x08000220   0x00000004   Code   RO         1749    .ARM.Collect$$rtexit$$00000003  c_w.l(rtexit2.o)
    0x08000224   0x08000224   0x00000006   Code   RO         1750    .ARM.Collect$$rtexit$$00000004  c_w.l(rtexit2.o)
    0x0800022a   0x0800022a   0x00000002   PAD
    0x0800022c   0x0800022c   0x00000040   Code   RO            4    .text               startup_stm32f407xx.o
    0x0800026c   0x0800026c   0x000000f0   Code   RO         1445    .text               c_w.l(lludivv7m.o)
    0x0800035c   0x0800035c   0x0000008a   Code   RO         1447    .text               c_w.l(rt_memcpy_v6.o)
    0x080003e6   0x080003e6   0x0000004e   Code   RO         1449    .text               c_w.l(rt_memclr_w.o)
    0x08000434   0x08000434   0x00000006   Code   RO         1451    .text               c_w.l(heapauxi.o)
    0x0800043a   0x0800043a   0x00000002   PAD
    0x0800043c   0x0800043c   0x00000024   Code   RO         1458    .text               c_w.l(init_aeabi.o)
    0x08000460   0x08000460   0x00000016   Code   RO         1531    .text               c_w.l(_rserrno.o)
    0x08000476   0x08000476   0x00000064   Code   RO         1533    .text               c_w.l(rt_memcpy_w.o)
    0x080004da   0x080004da   0x00000002   PAD
    0x080004dc   0x080004dc   0x00000008   Code   RO         1675    .text               c_w.l(rt_errno_addr_intlibspace.o)
    0x080004e4   0x080004e4   0x00000016   Code   RO         1677    .text               c_w.l(abort.o)
    0x080004fa   0x080004fa   0x00000002   PAD
    0x080004fc   0x080004fc   0x0000000c   Code   RO         1689    .text               c_w.l(sys_exit.o)
    0x08000508   0x08000508   0x00000008   Code   RO         1693    .text               c_w.l(libspace.o)
    0x08000510   0x08000510   0x0000004a   Code   RO         1696    .text               c_w.l(sys_stackheap_outer.o)
    0x0800055a   0x0800055a   0x00000012   Code   RO         1698    .text               c_w.l(exit.o)
    0x0800056c   0x0800056c   0x0000000e   Code   RO         1700    .text               c_w.l(defsig_abrt_outer.o)
    0x0800057a   0x0800057a   0x00000002   Code   RO         1726    .text               c_w.l(use_no_semi.o)
    0x0800057c   0x0800057c   0x00000000   Code   RO         1728    .text               c_w.l(indicate_semi.o)
    0x0800057c   0x0800057c   0x0000000a   Code   RO         1735    .text               c_w.l(defsig_exit.o)
    0x08000586   0x08000586   0x00000002   PAD
    0x08000588   0x08000588   0x00000030   Code   RO         1737    .text               c_w.l(defsig_abrt_inner.o)
    0x080005b8   0x080005b8   0x00000032   Code   RO         1756    .text               c_w.l(defsig_general.o)
    0x080005ea   0x080005ea   0x0000000e   Code   RO         1760    .text               c_w.l(sys_wrch.o)
    0x080005f8   0x080005f8   0x00000004   Code   RO           94    .text.BusFault_Handler  stm32f4xx_it.o
    0x080005fc   0x080005fc   0x00000010   Code   RO          110    .text.CAN1_RX0_IRQHandler  stm32f4xx_it.o
    0x0800060c   0x0800060c   0x00000010   Code   RO          112    .text.CAN1_RX1_IRQHandler  stm32f4xx_it.o
    0x0800061c   0x0800061c   0x00000010   Code   RO          114    .text.CAN1_SCE_IRQHandler  stm32f4xx_it.o
    0x0800062c   0x0800062c   0x00000010   Code   RO          108    .text.CAN1_TX_IRQHandler  stm32f4xx_it.o
    0x0800063c   0x0800063c   0x00000010   Code   RO          106    .text.DMA1_Stream1_IRQHandler  stm32f4xx_it.o
    0x0800064c   0x0800064c   0x00000010   Code   RO          128    .text.DMA2_Stream7_IRQHandler  stm32f4xx_it.o
    0x0800065c   0x0800065c   0x00000056   Code   RO          586    .text.DMA_CalcBaseAndBitshift  stm32f4xx_hal_dma.o
    0x080006b2   0x080006b2   0x00000002   PAD
    0x080006b4   0x080006b4   0x000000f0   Code   RO          584    .text.DMA_CheckFifoParam  stm32f4xx_hal_dma.o
    0x080007a4   0x080007a4   0x00000050   Code   RO          592    .text.DMA_SetConfig  stm32f4xx_hal_dma.o
    0x080007f4   0x080007f4   0x00000002   Code   RO          100    .text.DebugMon_Handler  stm32f4xx_it.o
    0x080007f6   0x080007f6   0x00000002   PAD
    0x080007f8   0x080007f8   0x00000006   Code   RO          319    .text.Error_Handler  main.o
    0x080007fe   0x080007fe   0x00000002   PAD
    0x08000800   0x08000800   0x00000052   Code   RO          363    .text.HAL_CAN_ActivateNotification  stm32f4xx_hal_can.o
    0x08000852   0x08000852   0x00000002   PAD
    0x08000854   0x08000854   0x00000156   Code   RO          349    .text.HAL_CAN_AddTxMessage  stm32f4xx_hal_can.o
    0x080009aa   0x080009aa   0x00000002   PAD
    0x080009ac   0x080009ac   0x000001a4   Code   RO          339    .text.HAL_CAN_ConfigFilter  stm32f4xx_hal_can.o
    0x08000b50   0x08000b50   0x00000008   Code   RO          393    .text.HAL_CAN_ErrorCallback  stm32f4xx_hal_can.o
    0x08000b58   0x08000b58   0x00000212   Code   RO          359    .text.HAL_CAN_GetRxMessage  stm32f4xx_hal_can.o
    0x08000d6a   0x08000d6a   0x00000002   PAD
    0x08000d6c   0x08000d6c   0x000003f2   Code   RO          367    .text.HAL_CAN_IRQHandler  stm32f4xx_hal_can.o
    0x0800115e   0x0800115e   0x00000002   PAD
    0x08001160   0x08001160   0x000001de   Code   RO          329    .text.HAL_CAN_Init  stm32f4xx_hal_can.o
    0x0800133e   0x0800133e   0x00000002   PAD
    0x08001340   0x08001340   0x000000d8   Code   RO           21    .text.HAL_CAN_MspInit  can.o
    0x08001418   0x08001418   0x00000008   Code   RO          381    .text.HAL_CAN_RxFifo0FullCallback  stm32f4xx_hal_can.o
    0x08001420   0x08001420   0x0000006c   Code   RO          151    .text.HAL_CAN_RxFifo0MsgPendingCallback  callback_1.o
    0x0800148c   0x0800148c   0x00000008   Code   RO          385    .text.HAL_CAN_RxFifo1FullCallback  stm32f4xx_hal_can.o
    0x08001494   0x08001494   0x00000008   Code   RO          387    .text.HAL_CAN_RxFifo1MsgPendingCallback  stm32f4xx_hal_can.o
    0x0800149c   0x0800149c   0x00000008   Code   RO          389    .text.HAL_CAN_SleepCallback  stm32f4xx_hal_can.o
    0x080014a4   0x080014a4   0x0000008a   Code   RO          341    .text.HAL_CAN_Start  stm32f4xx_hal_can.o
    0x0800152e   0x0800152e   0x00000002   PAD
    0x08001530   0x08001530   0x00000008   Code   RO          371    .text.HAL_CAN_TxMailbox0AbortCallback  stm32f4xx_hal_can.o
    0x08001538   0x08001538   0x00000008   Code   RO          369    .text.HAL_CAN_TxMailbox0CompleteCallback  stm32f4xx_hal_can.o
    0x08001540   0x08001540   0x00000008   Code   RO          375    .text.HAL_CAN_TxMailbox1AbortCallback  stm32f4xx_hal_can.o
    0x08001548   0x08001548   0x00000008   Code   RO          373    .text.HAL_CAN_TxMailbox1CompleteCallback  stm32f4xx_hal_can.o
    0x08001550   0x08001550   0x00000008   Code   RO          379    .text.HAL_CAN_TxMailbox2AbortCallback  stm32f4xx_hal_can.o
    0x08001558   0x08001558   0x00000008   Code   RO          377    .text.HAL_CAN_TxMailbox2CompleteCallback  stm32f4xx_hal_can.o
    0x08001560   0x08001560   0x00000008   Code   RO          391    .text.HAL_CAN_WakeUpFromRxMsgCallback  stm32f4xx_hal_can.o
    0x08001568   0x08001568   0x000000ec   Code   RO          596    .text.HAL_DMA_Abort  stm32f4xx_hal_dma.o
    0x08001654   0x08001654   0x00000044   Code   RO          598    .text.HAL_DMA_Abort_IT  stm32f4xx_hal_dma.o
    0x08001698   0x08001698   0x0000031e   Code   RO          602    .text.HAL_DMA_IRQHandler  stm32f4xx_hal_dma.o
    0x080019b6   0x080019b6   0x00000002   PAD
    0x080019b8   0x080019b8   0x0000016e   Code   RO          582    .text.HAL_DMA_Init  stm32f4xx_hal_dma.o
    0x08001b26   0x08001b26   0x00000002   PAD
    0x08001b28   0x08001b28   0x000000c2   Code   RO          594    .text.HAL_DMA_Start_IT  stm32f4xx_hal_dma.o
    0x08001bea   0x08001bea   0x00000002   PAD
    0x08001bec   0x08001bec   0x000003b6   Code   RO          544    .text.HAL_GPIO_Init  stm32f4xx_hal_gpio.o
    0x08001fa2   0x08001fa2   0x00000002   PAD
    0x08001fa4   0x08001fa4   0x0000002e   Code   RO          550    .text.HAL_GPIO_WritePin  stm32f4xx_hal_gpio.o
    0x08001fd2   0x08001fd2   0x00000002   PAD
    0x08001fd4   0x08001fd4   0x0000000c   Code   RO          769    .text.HAL_GetTick   stm32f4xx_hal.o
    0x08001fe0   0x08001fe0   0x0000001a   Code   RO          767    .text.HAL_IncTick   stm32f4xx_hal.o
    0x08001ffa   0x08001ffa   0x00000002   PAD
    0x08001ffc   0x08001ffc   0x00000036   Code   RO          757    .text.HAL_Init      stm32f4xx_hal.o
    0x08002032   0x08002032   0x00000002   PAD
    0x08002034   0x08002034   0x00000070   Code   RO          759    .text.HAL_InitTick  stm32f4xx_hal.o
    0x080020a4   0x080020a4   0x0000004a   Code   RO          137    .text.HAL_MspInit   stm32f4xx_hal_msp.o
    0x080020ee   0x080020ee   0x00000002   PAD
    0x080020f0   0x080020f0   0x00000014   Code   RO          692    .text.HAL_NVIC_EnableIRQ  stm32f4xx_hal_cortex.o
    0x08002104   0x08002104   0x00000032   Code   RO          684    .text.HAL_NVIC_SetPriority  stm32f4xx_hal_cortex.o
    0x08002136   0x08002136   0x00000002   PAD
    0x08002138   0x08002138   0x00000010   Code   RO          680    .text.HAL_NVIC_SetPriorityGrouping  stm32f4xx_hal_cortex.o
    0x08002148   0x08002148   0x00000262   Code   RO          412    .text.HAL_RCC_ClockConfig  stm32f4xx_hal_rcc.o
    0x080023aa   0x080023aa   0x00000002   PAD
    0x080023ac   0x080023ac   0x0000000c   Code   RO          422    .text.HAL_RCC_GetHCLKFreq  stm32f4xx_hal_rcc.o
    0x080023b8   0x080023b8   0x00000022   Code   RO          424    .text.HAL_RCC_GetPCLK1Freq  stm32f4xx_hal_rcc.o
    0x080023da   0x080023da   0x00000002   PAD
    0x080023dc   0x080023dc   0x00000022   Code   RO          426    .text.HAL_RCC_GetPCLK2Freq  stm32f4xx_hal_rcc.o
    0x080023fe   0x080023fe   0x00000002   PAD
    0x08002400   0x08002400   0x000000e6   Code   RO          414    .text.HAL_RCC_GetSysClockFreq  stm32f4xx_hal_rcc.o
    0x080024e6   0x080024e6   0x00000002   PAD
    0x080024e8   0x080024e8   0x000006be   Code   RO          410    .text.HAL_RCC_OscConfig  stm32f4xx_hal_rcc.o
    0x08002ba6   0x08002ba6   0x00000002   PAD
    0x08002ba8   0x08002ba8   0x00000008   Code   RO          930    .text.HAL_SPI_ErrorCallback  stm32f4xx_hal_spi.o
    0x08002bb0   0x08002bb0   0x0000000e   Code   RO          944    .text.HAL_SPI_GetState  stm32f4xx_hal_spi.o
    0x08002bbe   0x08002bbe   0x00000002   PAD
    0x08002bc0   0x08002bc0   0x00000230   Code   RO          926    .text.HAL_SPI_IRQHandler  stm32f4xx_hal_spi.o
    0x08002df0   0x08002df0   0x00000100   Code   RO          846    .text.HAL_SPI_Init  stm32f4xx_hal_spi.o
    0x08002ef0   0x08002ef0   0x000000f6   Code   RO           43    .text.HAL_SPI_MspInit  spi.o
    0x08002fe6   0x08002fe6   0x00000002   PAD
    0x08002fe8   0x08002fe8   0x0000024e   Code   RO          858    .text.HAL_SPI_Receive  stm32f4xx_hal_spi.o
    0x08003236   0x08003236   0x00000002   PAD
    0x08003238   0x08003238   0x000002a2   Code   RO          854    .text.HAL_SPI_Transmit  stm32f4xx_hal_spi.o
    0x080034da   0x080034da   0x00000002   PAD
    0x080034dc   0x080034dc   0x000003a2   Code   RO          860    .text.HAL_SPI_TransmitReceive  stm32f4xx_hal_spi.o
    0x0800387e   0x0800387e   0x00000002   PAD
    0x08003880   0x08003880   0x00000010   Code   RO          704    .text.HAL_SYSTICK_Config  stm32f4xx_hal_cortex.o
    0x08003890   0x08003890   0x00000008   Code   RO         1286    .text.HAL_TIMEx_BreakCallback  stm32f4xx_hal_tim_ex.o
    0x08003898   0x08003898   0x00000008   Code   RO         1282    .text.HAL_TIMEx_CommutCallback  stm32f4xx_hal_tim_ex.o
    0x080038a0   0x080038a0   0x00000122   Code   RO         1276    .text.HAL_TIMEx_MasterConfigSynchronization  stm32f4xx_hal_tim_ex.o
    0x080039c2   0x080039c2   0x00000002   PAD
    0x080039c4   0x080039c4   0x0000009c   Code   RO          963    .text.HAL_TIM_Base_Init  stm32f4xx_hal_tim.o
    0x08003a60   0x08003a60   0x00000088   Code   RO           57    .text.HAL_TIM_Base_MspInit  tim.o
    0x08003ae8   0x08003ae8   0x000000f6   Code   RO          977    .text.HAL_TIM_Base_Start_IT  stm32f4xx_hal_tim.o
    0x08003bde   0x08003bde   0x00000002   PAD
    0x08003be0   0x08003be0   0x00000184   Code   RO         1155    .text.HAL_TIM_ConfigClockSource  stm32f4xx_hal_tim.o
    0x08003d64   0x08003d64   0x00000008   Code   RO         1099    .text.HAL_TIM_IC_CaptureCallback  stm32f4xx_hal_tim.o
    0x08003d6c   0x08003d6c   0x0000021a   Code   RO         1097    .text.HAL_TIM_IRQHandler  stm32f4xx_hal_tim.o
    0x08003f86   0x08003f86   0x00000002   PAD
    0x08003f88   0x08003f88   0x00000008   Code   RO         1101    .text.HAL_TIM_OC_DelayElapsedCallback  stm32f4xx_hal_tim.o
    0x08003f90   0x08003f90   0x00000008   Code   RO         1103    .text.HAL_TIM_PWM_PulseFinishedCallback  stm32f4xx_hal_tim.o
    0x08003f98   0x08003f98   0x00000020   Code   RO          145    .text.HAL_TIM_PeriodElapsedCallback  callback_1.o
    0x08003fb8   0x08003fb8   0x00000008   Code   RO         1107    .text.HAL_TIM_TriggerCallback  stm32f4xx_hal_tim.o
    0x08003fc0   0x08003fc0   0x000000c2   Code   RO         1353    .text.HAL_UARTEx_ReceiveToIdle_DMA  stm32f4xx_hal_uart.o
    0x08004082   0x08004082   0x00000002   PAD
    0x08004084   0x08004084   0x00000052   Code   RO          147    .text.HAL_UARTEx_RxEventCallback  callback_1.o
    0x080040d6   0x080040d6   0x00000002   PAD
    0x080040d8   0x080040d8   0x00000008   Code   RO         1389    .text.HAL_UART_ErrorCallback  stm32f4xx_hal_uart.o
    0x080040e0   0x080040e0   0x0000042c   Code   RO         1383    .text.HAL_UART_IRQHandler  stm32f4xx_hal_uart.o
    0x0800450c   0x0800450c   0x0000009e   Code   RO         1299    .text.HAL_UART_Init  stm32f4xx_hal_uart.o
    0x080045aa   0x080045aa   0x00000002   PAD
    0x080045ac   0x080045ac   0x000001d2   Code   RO           73    .text.HAL_UART_MspInit  usart.o
    0x0800477e   0x0800477e   0x00000002   PAD
    0x08004780   0x08004780   0x00000056   Code   RO         1335    .text.HAL_UART_Receive_DMA  stm32f4xx_hal_uart.o
    0x080047d6   0x080047d6   0x00000002   PAD
    0x080047d8   0x080047d8   0x00000008   Code   RO         1401    .text.HAL_UART_RxCpltCallback  stm32f4xx_hal_uart.o
    0x080047e0   0x080047e0   0x00000008   Code   RO         1403    .text.HAL_UART_RxHalfCpltCallback  stm32f4xx_hal_uart.o
    0x080047e8   0x080047e8   0x00000008   Code   RO         1397    .text.HAL_UART_TxCpltCallback  stm32f4xx_hal_uart.o
    0x080047f0   0x080047f0   0x00000004   Code   RO           90    .text.HardFault_Handler  stm32f4xx_it.o
    0x080047f4   0x080047f4   0x0000004e   Code   RO           19    .text.MX_CAN1_Init  can.o
    0x08004842   0x08004842   0x00000002   PAD
    0x08004844   0x08004844   0x00000072   Code   RO           33    .text.MX_DMA_Init   dma.o
    0x080048b6   0x080048b6   0x00000002   PAD
    0x080048b8   0x080048b8   0x00000112   Code   RO           11    .text.MX_GPIO_Init  gpio.o
    0x080049ca   0x080049ca   0x00000002   PAD
    0x080049cc   0x080049cc   0x00000052   Code   RO           41    .text.MX_SPI1_Init  spi.o
    0x08004a1e   0x08004a1e   0x00000002   PAD
    0x08004a20   0x08004a20   0x00000086   Code   RO           55    .text.MX_TIM1_Init  tim.o
    0x08004aa6   0x08004aa6   0x00000002   PAD
    0x08004aa8   0x08004aa8   0x00000040   Code   RO           69    .text.MX_USART1_UART_Init  usart.o
    0x08004ae8   0x08004ae8   0x00000040   Code   RO           71    .text.MX_USART3_UART_Init  usart.o
    0x08004b28   0x08004b28   0x00000004   Code   RO           92    .text.MemManage_Handler  stm32f4xx_it.o
    0x08004b2c   0x08004b2c   0x00000004   Code   RO           88    .text.NMI_Handler   stm32f4xx_it.o
    0x08004b30   0x08004b30   0x0000006c   Code   RO          690    .text.NVIC_EncodePriority  stm32f4xx_hal_cortex.o
    0x08004b9c   0x08004b9c   0x00000002   Code   RO          102    .text.PendSV_Handler  stm32f4xx_it.o
    0x08004b9e   0x08004b9e   0x00000002   PAD
    0x08004ba0   0x08004ba0   0x00000010   Code   RO          124    .text.SPI1_IRQHandler  stm32f4xx_it.o
    0x08004bb0   0x08004bb0   0x00000020   Code   RO          928    .text.SPI_DMAAbortOnError  stm32f4xx_hal_spi.o
    0x08004bd0   0x08004bd0   0x000000e4   Code   RO          862    .text.SPI_EndRxTransaction  stm32f4xx_hal_spi.o
    0x08004cb4   0x08004cb4   0x000000cc   Code   RO          856    .text.SPI_EndRxTxTransaction  stm32f4xx_hal_spi.o
    0x08004d80   0x08004d80   0x0000012a   Code   RO          954    .text.SPI_WaitFlagStateUntilTimeout  stm32f4xx_hal_spi.o
    0x08004eaa   0x08004eaa   0x00000002   PAD
    0x08004eac   0x08004eac   0x00000002   Code   RO           98    .text.SVC_Handler   stm32f4xx_it.o
    0x08004eae   0x08004eae   0x00000002   PAD
    0x08004eb0   0x08004eb0   0x00000052   Code   RO          706    .text.SysTick_Config  stm32f4xx_hal_cortex.o
    0x08004f02   0x08004f02   0x00000002   PAD
    0x08004f04   0x08004f04   0x00000008   Code   RO          104    .text.SysTick_Handler  stm32f4xx_it.o
    0x08004f0c   0x08004f0c   0x00000012   Code   RO         1430    .text.SystemInit    system_stm32f4xx.o
    0x08004f1e   0x08004f1e   0x00000002   PAD
    0x08004f20   0x08004f20   0x00000010   Code   RO          116    .text.TIM1_BRK_TIM9_IRQHandler  stm32f4xx_it.o
    0x08004f30   0x08004f30   0x00000010   Code   RO          122    .text.TIM1_CC_IRQHandler  stm32f4xx_it.o
    0x08004f40   0x08004f40   0x00000010   Code   RO          120    .text.TIM1_TRG_COM_TIM11_IRQHandler  stm32f4xx_it.o
    0x08004f50   0x08004f50   0x00000010   Code   RO          118    .text.TIM1_UP_TIM10_IRQHandler  stm32f4xx_it.o
    0x08004f60   0x08004f60   0x000001b0   Code   RO          967    .text.TIM_Base_SetConfig  stm32f4xx_hal_tim.o
    0x08005110   0x08005110   0x00000034   Code   RO         1153    .text.TIM_ETR_SetConfig  stm32f4xx_hal_tim.o
    0x08005144   0x08005144   0x0000002a   Code   RO         1159    .text.TIM_ITRx_SetConfig  stm32f4xx_hal_tim.o
    0x0800516e   0x0800516e   0x00000002   PAD
    0x08005170   0x08005170   0x00000050   Code   RO         1157    .text.TIM_TI1_ConfigInputStage  stm32f4xx_hal_tim.o
    0x080051c0   0x080051c0   0x00000052   Code   RO         1161    .text.TIM_TI2_ConfigInputStage  stm32f4xx_hal_tim.o
    0x08005212   0x08005212   0x00000002   PAD
    0x08005214   0x08005214   0x00000020   Code   RO         1387    .text.UART_DMAAbortOnError  stm32f4xx_hal_uart.o
    0x08005234   0x08005234   0x0000007c   Code   RO         1333    .text.UART_DMAError  stm32f4xx_hal_uart.o
    0x080052b0   0x080052b0   0x000000f4   Code   RO         1419    .text.UART_DMAReceiveCplt  stm32f4xx_hal_uart.o
    0x080053a4   0x080053a4   0x00000034   Code   RO         1421    .text.UART_DMARxHalfCplt  stm32f4xx_hal_uart.o
    0x080053d8   0x080053d8   0x00000094   Code   RO         1347    .text.UART_EndRxTransfer  stm32f4xx_hal_uart.o
    0x0800546c   0x0800546c   0x00000026   Code   RO         1395    .text.UART_EndTransmit_IT  stm32f4xx_hal_uart.o
    0x08005492   0x08005492   0x00000002   PAD
    0x08005494   0x08005494   0x00000036   Code   RO         1345    .text.UART_EndTxTransfer  stm32f4xx_hal_uart.o
    0x080054ca   0x080054ca   0x00000002   PAD
    0x080054cc   0x080054cc   0x0000016a   Code   RO         1385    .text.UART_Receive_IT  stm32f4xx_hal_uart.o
    0x08005636   0x08005636   0x00000002   PAD
    0x08005638   0x08005638   0x0000013a   Code   RO         1303    .text.UART_SetConfig  stm32f4xx_hal_uart.o
    0x08005772   0x08005772   0x00000002   PAD
    0x08005774   0x08005774   0x0000010c   Code   RO         1337    .text.UART_Start_Receive_DMA  stm32f4xx_hal_uart.o
    0x08005880   0x08005880   0x00000094   Code   RO         1393    .text.UART_Transmit_IT  stm32f4xx_hal_uart.o
    0x08005914   0x08005914   0x00000010   Code   RO          126    .text.USART1_IRQHandler  stm32f4xx_it.o
    0x08005924   0x08005924   0x00000004   Code   RO           96    .text.UsageFault_Handler  stm32f4xx_it.o
    0x08005928   0x08005928   0x00000008   Code   RO          223    .text._GLOBAL__sub_I_imu.cpp  imu.o
    0x08005930   0x08005930   0x0000000c   Code   RO          266    .text._GLOBAL__sub_I_motor.cpp  motor.o
    0x0800593c   0x0800593c   0x00000008   Code   RO          302    .text._GLOBAL__sub_I_remote.cpp  remote.o
    0x08005944   0x08005944   0x0000003e   Code   RO          160    .text._Z14sendCanMessageP17CAN_HandleTypeDefjPhh  control.o
    0x08005982   0x08005982   0x00000002   PAD
    0x08005984   0x08005984   0x00000016   Code   RO          149    .text._Z16canRxMsgCallbackPhP5Motor  callback_1.o
    0x0800599a   0x0800599a   0x00000002   PAD
    0x0800599c   0x0800599c   0x00000036   Code   RO          313    .text._Z18ConfigureCANFilterP17CAN_HandleTypeDefjj  main.o
    0x080059d2   0x080059d2   0x00000002   PAD
    0x080059d4   0x080059d4   0x000000bc   Code   RO          317    .text._Z18SystemClock_Configv  main.o
    0x08005a90   0x08005a90   0x00000014   Code   RO          241    .text._Z3cosB6v16000f  imu.o
    0x08005aa4   0x08005aa4   0x0000002c   Code   RO          233    .text._Z3powB6v16000IiiENSt3__29enable_ifIXaasr3std13is_arithmeticIT_EE5valuesr3std13is_arithmeticIT0_EE5valueENS0_9__promoteIS2_S3_vEEE4type4typeES2_S3_  imu.o
    0x08005ad0   0x08005ad0   0x00000014   Code   RO          239    .text._Z3sinB6v16000f  imu.o
    0x08005ae4   0x08005ae4   0x00000014   Code   RO          237    .text._Z4sqrtB6v16000f  imu.o
    0x08005af8   0x08005af8   0x0000001c   Code   RO          235    .text._Z5atan2B6v16000ff  imu.o
    0x08005b14   0x08005b14   0x00000004   PAD
    0x08005b18   0x08005b18   0x000001c4   Code   RO          162    .text._Z8mainLoopv  control.o
    0x08005cdc   0x08005cdc   0x00000014   Code   RO          260    .text._ZN11GM6020Motor17updateMotorStatusEPh  motor.o
    0x08005cf0   0x08005cf0   0x00000024   Code   RO          258    .text._ZN11GM6020MotorC2Ev  motor.o
    0x08005d14   0x08005d14   0x00000004   PAD
    0x08005d18   0x08005d18   0x000002bc   Code   RO          217    .text._ZN3IMU11dataProcessEf  imu.o
    0x08005fd4   0x08005fd4   0x00000004   PAD
    0x08005fd8   0x08005fd8   0x0000014c   Code   RO          211    .text._ZN3IMU12readGyroRateEv  imu.o
    0x08006124   0x08006124   0x000000c2   Code   RO          213    .text._ZN3IMU13linearMappingEiiiff  imu.o
    0x080061e6   0x080061e6   0x00000002   PAD
    0x080061e8   0x080061e8   0x000001d8   Code   RO          215    .text._ZN3IMU13readAccelRateEv  imu.o
    0x080063c0   0x080063c0   0x00000084   Code   RO          203    .text._ZN3IMU15BMI088_WriteRegEhh  imu.o
    0x08006444   0x08006444   0x0000001a   Code   RO          201    .text._ZN3IMU16BMI088_GYRO_NS_HEv  imu.o
    0x0800645e   0x0800645e   0x00000002   PAD
    0x08006460   0x08006460   0x0000001a   Code   RO          199    .text._ZN3IMU16BMI088_GYRO_NS_LEv  imu.o
    0x0800647a   0x0800647a   0x00000002   PAD
    0x0800647c   0x0800647c   0x00000018   Code   RO          197    .text._ZN3IMU17BMI088_ACCEL_NS_HEv  imu.o
    0x08006494   0x08006494   0x00000018   Code   RO          195    .text._ZN3IMU17BMI088_ACCEL_NS_LEv  imu.o
    0x080064ac   0x080064ac   0x00000082   Code   RO          209    .text._ZN3IMU26BMI088_read_acc_single_regEhPhh  imu.o
    0x0800652e   0x0800652e   0x00000002   PAD
    0x08006530   0x08006530   0x00000082   Code   RO          207    .text._ZN3IMU27BMI088_read_gyro_single_regEhPhh  imu.o
    0x080065b2   0x080065b2   0x00000002   PAD
    0x080065b4   0x080065b4   0x00000066   Code   RO          205    .text._ZN3IMU4initEv  imu.o
    0x0800661a   0x0800661a   0x00000002   PAD
    0x0800661c   0x0800661c   0x00000098   Code   RO          193    .text._ZN3IMUC2Ev   imu.o
    0x080066b4   0x080066b4   0x00000124   Code   RO          284    .text._ZN3PID8PID_CalcEff  pid.o
    0x080067d8   0x080067d8   0x00000032   Code   RO          282    .text._ZN3PIDC2Efffff  pid.o
    0x0800680a   0x0800680a   0x00000002   PAD
    0x0800680c   0x0800680c   0x000000c0   Code   RO          246    .text._ZN5Motor13linearMappingEiiiff  motor.o
    0x080068cc   0x080068cc   0x000000b8   Code   RO          248    .text._ZN5Motor17updateMotorStatusEPh  motor.o
    0x08006984   0x08006984   0x0000002e   Code   RO          244    .text._ZN5MotorC2Ef  motor.o
    0x080069b2   0x080069b2   0x00000002   PAD
    0x080069b4   0x080069b4   0x00000048   Code   RO          296    .text._ZN6Remote13linearMappingEiiiff  remote.o
    0x080069fc   0x080069fc   0x000001ce   Code   RO          298    .text._ZN6Remote17RemoteDataProcessEPKh  remote.o
    0x08006bca   0x08006bca   0x00000002   PAD
    0x08006bcc   0x08006bcc   0x0000005e   Code   RO          294    .text._ZN6RemoteC2Ev  remote.o
    0x08006c2a   0x08006c2a   0x00000002   PAD
    0x08006c2c   0x08006c2c   0x00000030   Code   RO          694    .text.__NVIC_EnableIRQ  stm32f4xx_hal_cortex.o
    0x08006c5c   0x08006c5c   0x00000010   Code   RO          686    .text.__NVIC_GetPriorityGrouping  stm32f4xx_hal_cortex.o
    0x08006c6c   0x08006c6c   0x00000042   Code   RO          688    .text.__NVIC_SetPriority  stm32f4xx_hal_cortex.o
    0x08006cae   0x08006cae   0x00000002   PAD
    0x08006cb0   0x08006cb0   0x0000003c   Code   RO          682    .text.__NVIC_SetPriorityGrouping  stm32f4xx_hal_cortex.o
    0x08006cec   0x08006cec   0x00000064   Code   RO          172    .text.__cxx_global_var_init  control.o
    0x08006d50   0x08006d50   0x00000010   Code   RO          221    .text.__cxx_global_var_init  imu.o
    0x08006d60   0x08006d60   0x00000010   Code   RO          262    .text.__cxx_global_var_init  motor.o
    0x08006d70   0x08006d70   0x00000010   Code   RO          300    .text.__cxx_global_var_init  remote.o
    0x08006d80   0x08006d80   0x00000064   Code   RO          177    .text.__cxx_global_var_init.1  control.o
    0x08006de4   0x08006de4   0x00000010   Code   RO          264    .text.__cxx_global_var_init.1  motor.o
    0x08006df4   0x08006df4   0x00000060   Code   RO          182    .text.__cxx_global_var_init.2  control.o
    0x08006e54   0x08006e54   0x00000060   Code   RO          187    .text.__cxx_global_var_init.3  control.o
    0x08006eb4   0x08006eb4   0x00000004   Code   RO         1602    .text.abort_message  libcppabi_w.l(abort_message.cpp.o)
    0x08006eb8   0x08006eb8   0x00000078   Code   RO          315    .text.main          main.o
    0x08006f30   0x08006f30   0x00000060   Code   RO         1488    .text.unlikely.__cxa_guard_acquire  libcppabi_w.l(cxa_guard.cpp.o)
    0x08006f90   0x08006f90   0x00000008   Code   RO         1490    .text.unlikely.__cxa_guard_release  libcppabi_w.l(cxa_guard.cpp.o)
    0x08006f98   0x08006f98   0x00000030   Code   RO         1625    i.__ARM_fpclassify  m_wm.l(fpclassify.o)
    0x08006fc8   0x08006fc8   0x00000026   Code   RO         1627    i.__ARM_fpclassifyf  m_wm.l(fpclassifyf.o)
    0x08006fee   0x08006fee   0x00000002   PAD
    0x08006ff0   0x08006ff0   0x000002ac   Code   RO         1495    i.__hardfp_atan2f   m_wm.l(atan2f.o)
    0x0800729c   0x0800729c   0x00000150   Code   RO         1501    i.__hardfp_cosf     m_wm.l(cosf.o)
    0x080073ec   0x080073ec   0x00000004   PAD
    0x080073f0   0x080073f0   0x00000c60   Code   RO         1507    i.__hardfp_pow      m_wm.l(pow.o)
    0x08008050   0x08008050   0x00000190   Code   RO         1514    i.__hardfp_sinf     m_wm.l(sinf.o)
    0x080081e0   0x080081e0   0x0000003a   Code   RO         1520    i.__hardfp_sqrtf    m_wm.l(sqrtf.o)
    0x0800821a   0x0800821a   0x000000f8   Code   RO         1643    i.__kernel_poly     m_wm.l(poly.o)
    0x08008312   0x08008312   0x00000006   PAD
    0x08008318   0x08008318   0x00000030   Code   RO         1605    i.__mathlib_dbl_divzero  m_wm.l(dunder.o)
    0x08008348   0x08008348   0x00000014   Code   RO         1607    i.__mathlib_dbl_infnan2  m_wm.l(dunder.o)
    0x0800835c   0x0800835c   0x00000004   PAD
    0x08008360   0x08008360   0x00000020   Code   RO         1608    i.__mathlib_dbl_invalid  m_wm.l(dunder.o)
    0x08008380   0x08008380   0x00000020   Code   RO         1609    i.__mathlib_dbl_overflow  m_wm.l(dunder.o)
    0x080083a0   0x080083a0   0x00000020   Code   RO         1611    i.__mathlib_dbl_underflow  m_wm.l(dunder.o)
    0x080083c0   0x080083c0   0x00000006   Code   RO         1630    i.__mathlib_flt_infnan  m_wm.l(funder.o)
    0x080083c6   0x080083c6   0x00000006   Code   RO         1631    i.__mathlib_flt_infnan2  m_wm.l(funder.o)
    0x080083cc   0x080083cc   0x00000010   Code   RO         1632    i.__mathlib_flt_invalid  m_wm.l(funder.o)
    0x080083dc   0x080083dc   0x00000010   Code   RO         1635    i.__mathlib_flt_underflow  m_wm.l(funder.o)
    0x080083ec   0x080083ec   0x00000154   Code   RO         1646    i.__mathlib_rredf2  m_wm.l(rredf.o)
    0x08008540   0x08008540   0x00000018   Code   RO         1621    i.fabs              m_wm.l(fabs.o)
    0x08008558   0x08008558   0x0000006e   Code   RO         1651    i.sqrt              m_wm.l(sqrt.o)
    0x080085c6   0x080085c6   0x00000018   Code   RO         1586    x$fpl$basic         fz_wm.l(basic.o)
    0x080085de   0x080085de   0x00000002   PAD
    0x080085e0   0x080085e0   0x00000062   Code   RO         1461    x$fpl$d2f           fz_wm.l(d2f.o)
    0x08008642   0x08008642   0x00000002   PAD
    0x08008644   0x08008644   0x00000150   Code   RO         1463    x$fpl$dadd          fz_wm.l(daddsub_clz.o)
    0x08008794   0x08008794   0x00000010   Code   RO         1681    x$fpl$dcheck1       fz_wm.l(dcheck1.o)
    0x080087a4   0x080087a4   0x00000018   Code   RO         1718    x$fpl$dcmpinf       fz_wm.l(dcmpi.o)
    0x080087bc   0x080087bc   0x000002b4   Code   RO         1470    x$fpl$ddiv          fz_wm.l(ddiv.o)
    0x08008a70   0x08008a70   0x0000005e   Code   RO         1473    x$fpl$dfix          fz_wm.l(dfix.o)
    0x08008ace   0x08008ace   0x0000002e   Code   RO         1478    x$fpl$dflt          fz_wm.l(dflt_clz.o)
    0x08008afc   0x08008afc   0x00000078   Code   RO         1683    x$fpl$dleqf         fz_wm.l(dleqf.o)
    0x08008b74   0x08008b74   0x00000154   Code   RO         1483    x$fpl$dmul          fz_wm.l(dmul.o)
    0x08008cc8   0x08008cc8   0x0000009c   Code   RO         1588    x$fpl$dnaninf       fz_wm.l(dnaninf.o)
    0x08008d64   0x08008d64   0x0000000c   Code   RO         1590    x$fpl$dretinf       fz_wm.l(dretinf.o)
    0x08008d70   0x08008d70   0x0000006c   Code   RO         1592    x$fpl$drleqf        fz_wm.l(drleqf.o)
    0x08008ddc   0x08008ddc   0x00000016   Code   RO         1464    x$fpl$drsb          fz_wm.l(daddsub_clz.o)
    0x08008df2   0x08008df2   0x00000002   PAD
    0x08008df4   0x08008df4   0x00000198   Code   RO         1685    x$fpl$dsqrt         fz_wm.l(dsqrt_umaal.o)
    0x08008f8c   0x08008f8c   0x000001dc   Code   RO         1465    x$fpl$dsub          fz_wm.l(daddsub_clz.o)
    0x08009168   0x08009168   0x00000056   Code   RO         1485    x$fpl$f2d           fz_wm.l(f2d.o)
    0x080091be   0x080091be   0x0000008c   Code   RO         1594    x$fpl$fnaninf       fz_wm.l(fnaninf.o)
    0x0800924a   0x0800924a   0x0000001a   Code   RO         1687    x$fpl$fpinit        fz_wm.l(fpinit.o)
    0x08009264   0x08009264   0x0000000a   Code   RO         1596    x$fpl$fretinf       fz_wm.l(fretinf.o)
    0x0800926e   0x0800926e   0x00000064   Code   RO         1720    x$fpl$retnan        fz_wm.l(retnan.o)
    0x080092d2   0x080092d2   0x0000005c   Code   RO         1598    x$fpl$scalbn        fz_wm.l(scalbn.o)
    0x0800932e   0x0800932e   0x00000030   Code   RO         1745    x$fpl$trapveneer    fz_wm.l(trapv.o)
    0x0800935e   0x0800935e   0x00000000   Code   RO         1600    x$fpl$usenofp       fz_wm.l(usenofp.o)
    0x0800935e   0x0800935e   0x00000002   PAD
    0x08009360   0x08009360   0x00000088   Data   RO         1510    .constdata          m_wm.l(pow.o)
    0x080093e8   0x080093e8   0x00000008   Data   RO         1645    .constdata          m_wm.l(qnan.o)
    0x080093f0   0x080093f0   0x00000020   Data   RO         1647    .constdata          m_wm.l(rredf.o)
    0x08009410   0x08009410   0x00000010   Data   RO         1435    .rodata.AHBPrescTable  system_stm32f4xx.o
    0x08009420   0x08009420   0x00000008   Data   RO         1436    .rodata.APBPrescTable  system_stm32f4xx.o
    0x08009428   0x08009428   0x00000008   Data   RO          612    .rodata.DMA_CalcBaseAndBitshift.flagBitshiftOffset  stm32f4xx_hal_dma.o
    0x08009430   0x08009430   0x0000000c   Data   RO          271    .rodata._ZTV11GM6020Motor  motor.o
    0x0800943c   0x0800943c   0x0000000c   Data   RO          268    .rodata._ZTV5Motor  motor.o
    0x08009448   0x08009448   0x00000020   Data   RO         1797    Region$$Table       anon$$obj.o
    0x08009468   0x08009468   0x00000004   Data   RO          176    .init_array         control.o
    0x0800946c   0x08009468   0x00000004   Data   RO          181    .init_array         control.o
    0x08009470   0x08009468   0x00000004   Data   RO          186    .init_array         control.o
    0x08009474   0x08009468   0x00000004   Data   RO          191    .init_array         control.o
    0x08009478   0x08009468   0x00000004   Data   RO          226    .init_array         imu.o
    0x0800947c   0x08009468   0x00000004   Data   RO          274    .init_array         motor.o
    0x08009480   0x08009468   0x00000004   Data   RO          305    .init_array         remote.o
    0x08009484   0x08009468   0x00000000   Data   RO         1456    .init_array         c_w.l(init_aeabi.o)


    Execution Region RW_IRAM1 (Exec base: 0x20000000, Load base: 0x08009488, Size: 0x00000a88, Max: 0x0001c000, ABSOLUTE)

    Exec Addr    Load Addr    Size         Type   Attr      Idx    E Section Name        Object

    0x20000000   0x08009488   0x00000004   Data   RW         1434    .data.SystemCoreClock  system_stm32f4xx.o
    0x20000004   0x0800948c   0x00000001   Data   RW          812    .data.uwTickFreq    stm32f4xx_hal.o
    0x20000005   0x0800948d   0x00000003   PAD
    0x20000008   0x08009490   0x00000004   Data   RW          811    .data.uwTickPrio    stm32f4xx_hal.o
    0x2000000c   0x08009494   0x00000004   PAD
    0x20000010        -       0x00000060   Zero   RW         1694    .bss                c_w.l(libspace.o)
    0x20000070        -       0x00000004   Zero   RW          185    .bss._ZGV13pid_yaw_angle  control.o
    0x20000074        -       0x00000004   Zero   RW          190    .bss._ZGV13pid_yaw_speed  control.o
    0x20000078        -       0x00000004   Zero   RW          175    .bss._ZGV15pid_pitch_angle  control.o
    0x2000007c        -       0x00000004   Zero   RW          180    .bss._ZGV15pid_pitch_speed  control.o
    0x20000080        -       0x00000008   Zero   RW          164    .bss.canData        control.o
    0x20000088        -       0x00000028   Zero   RW           25    .bss.hcan1          can.o
    0x200000b0        -       0x00000060   Zero   RW           79    .bss.hdma_usart1_tx  usart.o
    0x20000110        -       0x00000060   Zero   RW           80    .bss.hdma_usart3_rx  usart.o
    0x20000170        -       0x00000058   Zero   RW           47    .bss.hspi1          spi.o
    0x200001c8        -       0x00000048   Zero   RW           61    .bss.htim1          tim.o
    0x20000210        -       0x00000048   Zero   RW           77    .bss.huart1         usart.o
    0x20000258        -       0x00000048   Zero   RW           78    .bss.huart3         usart.o
    0x200002a0        -       0x00000058   Zero   RW          225    .bss.imu            imu.o
    0x200002f8        -       0x00000038   Zero   RW          174    .bss.pid_pitch_angle  control.o
    0x20000330        -       0x00000038   Zero   RW          179    .bss.pid_pitch_speed  control.o
    0x20000368        -       0x00000038   Zero   RW          184    .bss.pid_yaw_angle  control.o
    0x200003a0        -       0x00000038   Zero   RW          189    .bss.pid_yaw_speed  control.o
    0x200003d8        -       0x00000024   Zero   RW          272    .bss.pit_motor      motor.o
    0x200003fc        -       0x00000004   Zero   RW          165    .bss.refe           control.o
    0x20000400        -       0x0000005c   Zero   RW          304    .bss.remote         remote.o
    0x2000045c        -       0x00000004   Zero   RW          813    .bss.uwTick         stm32f4xx_hal.o
    0x20000460        -       0x00000024   Zero   RW          273    .bss.yaw_motor      motor.o
    0x20000484   0x08009494   0x00000004   PAD
    0x20000488        -       0x00000200   Zero   RW            2    HEAP                startup_stm32f407xx.o
    0x20000688        -       0x00000400   Zero   RW            1    STACK               startup_stm32f407xx.o


    Execution Region RW_IRAM2 (Exec base: 0x2001c000, Load base: 0x08009498, Size: 0x00000000, Max: 0x00004000, ABSOLUTE)

    **** No section assigned to this execution region ****


==============================================================================

Image component sizes


      Code (inc. data)   RO Data    RW Data    ZI Data      Debug   Object Name

       244          0          0          0          0       8892   callback_1.o
       294          0          0          0         40       5940   can.o
       906         60         16          0        252      13704   control.o
       114          0          0          0          0       3311   dma.o
       274          0          0          0          0       2167   gpio.o
      2600         56          4          0         88      18163   imu.o
       368          0          0          0          0      15218   main.o
       522         12         28          0         72       4663   motor.o
       342          0          0          0          0       2014   pid.o
       652          0          4          0         92       4087   remote.o
       328          0          0          0         88       6771   spi.o
        64         26        392          0       1536        824   startup_stm32f407xx.o
       204          0          0          5          4       7097   stm32f4xx_hal.o
      3096          0          0          0          0      11489   stm32f4xx_hal_can.o
       482          0          0          0          0       9671   stm32f4xx_hal_cortex.o
      2068          8          8          0          0       8454   stm32f4xx_hal_dma.o
       996          0          0          0          0       5073   stm32f4xx_hal_gpio.o
        74          0          0          0          0       1464   stm32f4xx_hal_msp.o
      2646          0          0          0          0       7549   stm32f4xx_hal_rcc.o
      3794          0          0          0          0      19348   stm32f4xx_hal_spi.o
      2048          0          0          0          0      35830   stm32f4xx_hal_tim.o
       306          0          0          0          0      15245   stm32f4xx_hal_tim_ex.o
      3322          0          0          0          0      20215   stm32f4xx_hal_uart.o
       226          0          0          0          0       2151   stm32f4xx_it.o
        18          0         24          4          0       2510   system_stm32f4xx.o
       270          0          0          0         72       6972   tim.o
       594          0          0          0        336       7207   usart.o

    ----------------------------------------------------------------------
     26996        166        508         12       2588     246029   Object Totals
         0          0         32          0          0          0   (incl. Generated)
       144          4          0          3          8          0   (incl. Padding)

    ----------------------------------------------------------------------

      Code (inc. data)   RO Data    RW Data    ZI Data      Debug   Library Member Name

         8          0          0          0          0         68   __main.o
         0          0          0          0          0          0   __rtentry.o
        12          0          0          0          0          0   __rtentry2.o
         6          0          0          0          0          0   __rtentry4.o
        52          8          0          0          0          0   __scatter.o
        26          0          0          0          0          0   __scatter_copy.o
        28          0          0          0          0          0   __scatter_zi.o
        22          0          0          0          0        100   _rserrno.o
        22          0          0          0          0         80   abort.o
        48         34          0          0          0         76   defsig_abrt_inner.o
        14          0          0          0          0         80   defsig_abrt_outer.o
        10          0          0          0          0         68   defsig_exit.o
        50          0          0          0          0         88   defsig_general.o
        18          0          0          0          0         80   exit.o
         6          0          0          0          0        152   heapauxi.o
         0          0          0          0          0          0   indicate_semi.o
        36          8          0          0          0         80   init_aeabi.o
         2          0          0          0          0          0   libinit.o
        10          0          0          0          0          0   libinit2.o
         2          0          0          0          0          0   libshutdown.o
         2          0          0          0          0          0   libshutdown2.o
         8          4          0          0         96         68   libspace.o
       240          0          0          0          0        100   lludivv7m.o
         8          4          0          0          0         68   rt_errno_addr_intlibspace.o
        78          0          0          0          0         80   rt_memclr_w.o
       138          0          0          0          0         68   rt_memcpy_v6.o
       100          0          0          0          0         80   rt_memcpy_w.o
         2          0          0          0          0          0   rtexit.o
        10          0          0          0          0          0   rtexit2.o
        12          4          0          0          0         68   sys_exit.o
        74          0          0          0          0         80   sys_stackheap_outer.o
        14          0          0          0          0         76   sys_wrch.o
         2          0          0          0          0         68   use_no_semi.o
        24          0          0          0          0        164   basic.o
        98          4          0          0          0        140   d2f.o
       834         16          0          0          0        516   daddsub_clz.o
        16          4          0          0          0        116   dcheck1.o
        24          0          0          0          0        116   dcmpi.o
       692        140          0          0          0        264   ddiv.o
        94          4          0          0          0        140   dfix.o
        46          0          0          0          0        116   dflt_clz.o
       120          4          0          0          0        140   dleqf.o
       340         12          0          0          0        152   dmul.o
       156          4          0          0          0        140   dnaninf.o
        12          0          0          0          0        116   dretinf.o
       108          0          0          0          0        128   drleqf.o
       408         56          0          0          0        168   dsqrt_umaal.o
        86          4          0          0          0        132   f2d.o
       140          4          0          0          0        132   fnaninf.o
        26          0          0          0          0        116   fpinit.o
        10          0          0          0          0        116   fretinf.o
       100          0          0          0          0        116   retnan.o
        92          0          0          0          0        116   scalbn.o
        48          0          0          0          0        116   trapv.o
         0          0          0          0          0          0   usenofp.o
         4          0          0          0          0         36   abort_message.cpp.o
       104         56          0          0          0         76   cxa_guard.cpp.o
       684         90          0          0          0        208   atan2f.o
       336         56          0          0          0        136   cosf.o
       164         44          0          0          0        620   dunder.o
        24          0          0          0          0        124   fabs.o
        48          0          0          0          0        124   fpclassify.o
        38          0          0          0          0        116   fpclassifyf.o
        44         12          0          0          0        464   funder.o
       248          0          0          0          0        152   poly.o
      3168        296        136          0          0        352   pow.o
         0          0          8          0          0          0   qnan.o
       340         24         32          0          0        160   rredf.o
       400         56          0          0          0        212   sinf.o
       110          0          0          0          0        148   sqrt.o
        58          0          0          0          0        136   sqrtf.o

    ----------------------------------------------------------------------
     10340        952        176          0         96       7952   Library Totals
        36          4          0          0          0          0   (incl. Padding)

    ----------------------------------------------------------------------

      Code (inc. data)   RO Data    RW Data    ZI Data      Debug   Library Name

      1060         62          0          0         96       1628   c_w.l
      3474        252          0          0          0       3260   fz_wm.l
       108         56          0          0          0        112   libcppabi_w.l
      5662        578        176          0          0       2952   m_wm.l

    ----------------------------------------------------------------------
     10340        952        176          0         96       7952   Library Totals

    ----------------------------------------------------------------------

==============================================================================


      Code (inc. data)   RO Data    RW Data    ZI Data      Debug   

     37336       1118        684         12       2684     248509   Grand Totals
     37336       1118        684         12       2684     248509   ELF Image Totals
     37336       1118        684         12          0          0   ROM Totals

==============================================================================

    Total RO  Size (Code + RO Data)                38020 (  37.13kB)
    Total RW  Size (RW Data + ZI Data)              2696 (   2.63kB)
    Total ROM Size (Code + RO Data + RW Data)      38032 (  37.14kB)

==============================================================================

